ARM Linker, 5.02 [Build 28] [MDK-ARM Standard]

==============================================================================

Section Cross References

    main.o(i.main) refers to timers.o(i.xTimerCreate) for xTimerCreate
    main.o(i.main) refers to queue.o(i.xQueueGenericCreate) for xQueueGenericCreate
    main.o(i.main) refers to queue.o(i.xQueueGenericSend) for xQueueGenericSend
    main.o(i.main) refers to hw_config.o(i.prvSetupHardware) for prvSetupHardware
    main.o(i.main) refers to i2c.o(i.init_I2C1) for init_I2C1
    main.o(i.main) refers to tasks.o(i.xTaskGetTickCount) for xTaskGetTickCount
    main.o(i.main) refers to timers.o(i.xTimerGenericCommand) for xTimerGenericCommand
    main.o(i.main) refers to tasks.o(i.xTaskGenericCreate) for xTaskGenericCreate
    main.o(i.main) refers to tasks.o(i.vTaskStartScheduler) for vTaskStartScheduler
    main.o(i.main) refers to main.o(i.vTimerSystemIdle) for vTimerSystemIdle
    main.o(i.main) refers to main.o(.data) for .data
    main.o(i.main) refers to main.o(i.vTimerSample) for vTimerSample
    main.o(i.main) refers to main.o(i.vPWMctrlTask) for vPWMctrlTask
    main.o(i.main) refers to main.o(i.vUsartSendTask) for vUsartSendTask
    main.o(i.main) refers to shell.o(i.shell) for shell
    main.o(i.main) refers to main.o(i.vBalanceTask) for vBalanceTask
    main.o(i.main) refers to main.o(i.vPitchctrlTask) for vPitchctrlTask
    main.o(i.main) refers to main.o(i.vRollctrlTask) for vRollctrlTask
    main.o(i.receive_byte) refers to testp.o(i.My_Usart3_Printf) for My_Usart3_Printf
    main.o(i.receive_byte) refers to queue.o(i.xQueueGenericReceive) for xQueueGenericReceive
    main.o(i.receive_byte) refers to main.o(.data) for .data
    main.o(i.receive_byte_noblock) refers to queue.o(i.xQueueGenericReceive) for xQueueGenericReceive
    main.o(i.receive_byte_noblock) refers to main.o(.data) for .data
    main.o(i.vBalanceTask) refers to tasks.o(i.vTaskDelay) for vTaskDelay
    main.o(i.vBalanceTask) refers to stm32f4_discovery_lis3dsh.o(i.LIS3DSH_Read) for LIS3DSH_Read
    main.o(i.vBalanceTask) refers to i2c.o(i.I2C_readreg) for I2C_readreg
    main.o(i.vBalanceTask) refers to tasks.o(i.xTaskGetTickCount) for xTaskGetTickCount
    main.o(i.vBalanceTask) refers to timers.o(i.xTimerGenericCommand) for xTimerGenericCommand
    main.o(i.vBalanceTask) refers to string-util.o(i.qprintf) for qprintf
    main.o(i.vBalanceTask) refers to main.o(.data) for .data
    main.o(i.vBalanceTask) refers to main.o(.bss) for .bss
    main.o(i.vPWMctrlTask) refers to queue.o(i.xQueueGenericReceive) for xQueueGenericReceive
    main.o(i.vPWMctrlTask) refers to string-util.o(i.atoi) for atoi
    main.o(i.vPWMctrlTask) refers to main.o(.data) for .data
    main.o(i.vPWMctrlTask) refers to main.o(.bss) for .bss
    main.o(i.vPitchctrlTask) refers to queue.o(i.xQueueGenericReceive) for xQueueGenericReceive
    main.o(i.vPitchctrlTask) refers to string-util.o(i.qprintf) for qprintf
    main.o(i.vPitchctrlTask) refers to main.o(.data) for .data
    main.o(i.vRollctrlTask) refers to queue.o(i.xQueueGenericReceive) for xQueueGenericReceive
    main.o(i.vRollctrlTask) refers to string-util.o(i.qprintf) for qprintf
    main.o(i.vRollctrlTask) refers to main.o(.data) for .data
    main.o(i.vTimerSample) refers to stm32f4_discovery_lis3dsh.o(i.LIS3DSH_Read) for LIS3DSH_Read
    main.o(i.vTimerSample) refers to dflti.o(.text) for __aeabi_i2d
    main.o(i.vTimerSample) refers to dmul.o(.text) for __aeabi_dmul
    main.o(i.vTimerSample) refers to ddiv.o(.text) for __aeabi_ddiv
    main.o(i.vTimerSample) refers to d2f.o(.text) for __aeabi_d2f
    main.o(i.vTimerSample) refers to i2c.o(i.I2C_readreg) for I2C_readreg
    main.o(i.vTimerSample) refers to main.o(i.Motor_Control) for Motor_Control
    main.o(i.vTimerSample) refers to main.o(.data) for .data
    main.o(i.vTimerSample) refers to main.o(.bss) for .bss
    main.o(i.vTimerSystemIdle) refers to main.o(i.Motor_Control) for Motor_Control
    main.o(i.vTimerSystemIdle) refers to string-util.o(i.qprintf) for qprintf
    main.o(i.vTimerSystemIdle) refers to main.o(.data) for .data
    main.o(i.vUsartSendTask) refers to queue.o(i.xQueueGenericReceive) for xQueueGenericReceive
    main.o(i.vUsartSendTask) refers to stm32f4xx_usart.o(i.USART_GetFlagStatus) for USART_GetFlagStatus
    main.o(i.vUsartSendTask) refers to stm32f4xx_usart.o(i.USART_SendData) for USART_SendData
    main.o(i.vUsartSendTask) refers to main.o(.data) for .data
    hw_config.o(i.GPIO_Configuration) refers to stm32f4xx_gpio.o(i.GPIO_StructInit) for GPIO_StructInit
    hw_config.o(i.GPIO_Configuration) refers to stm32f4xx_gpio.o(i.GPIO_PinAFConfig) for GPIO_PinAFConfig
    hw_config.o(i.GPIO_Configuration) refers to stm32f4xx_gpio.o(i.GPIO_Init) for GPIO_Init
    hw_config.o(i.RCC_Configuration) refers to stm32f4xx_rcc.o(i.RCC_AHB1PeriphClockCmd) for RCC_AHB1PeriphClockCmd
[...]
    lib\\c\\stm32f4xx_dma.c                  0x00000000   Number         0  stm32f4xx_dma.o ABSOLUTE
    lib\\c\\stm32f4xx_exti.c                 0x00000000   Number         0  stm32f4xx_exti.o ABSOLUTE
    lib\\c\\stm32f4xx_flash.c                0x00000000   Number         0  stm32f4xx_flash.o ABSOLUTE
    lib\\c\\stm32f4xx_fsmc.c                 0x00000000   Number         0  stm32f4xx_fsmc.o ABSOLUTE
    lib\\c\\stm32f4xx_gpio.c                 0x00000000   Number         0  stm32f4xx_gpio.o ABSOLUTE
    lib\\c\\stm32f4xx_hash.c                 0x00000000   Number         0  stm32f4xx_hash.o ABSOLUTE
    lib\\c\\stm32f4xx_hash_md5.c             0x00000000   Number         0  stm32f4xx_hash_md5.o ABSOLUTE
    lib\\c\\stm32f4xx_hash_sha1.c            0x00000000   Number         0  stm32f4xx_hash_sha1.o ABSOLUTE
    lib\\c\\stm32f4xx_i2c.c                  0x00000000   Number         0  stm32f4xx_i2c.o ABSOLUTE
    lib\\c\\stm32f4xx_iwdg.c                 0x00000000   Number         0  stm32f4xx_iwdg.o ABSOLUTE
    lib\\c\\stm32f4xx_pwr.c                  0x00000000   Number         0  stm32f4xx_pwr.o ABSOLUTE
    lib\\c\\stm32f4xx_rcc.c                  0x00000000   Number         0  stm32f4xx_rcc.o ABSOLUTE
    lib\\c\\stm32f4xx_rng.c                  0x00000000   Number         0  stm32f4xx_rng.o ABSOLUTE
    lib\\c\\stm32f4xx_rtc.c                  0x00000000   Number         0  stm32f4xx_rtc.o ABSOLUTE
    lib\\c\\stm32f4xx_sdio.c                 0x00000000   Number         0  stm32f4xx_sdio.o ABSOLUTE
    lib\\c\\stm32f4xx_spi.c                  0x00000000   Number         0  stm32f4xx_spi.o ABSOLUTE
    lib\\c\\stm32f4xx_syscfg.c               0x00000000   Number         0  stm32f4xx_syscfg.o ABSOLUTE
    lib\\c\\stm32f4xx_tim.c                  0x00000000   Number         0  stm32f4xx_tim.o ABSOLUTE
    lib\\c\\stm32f4xx_usart.c                0x00000000   Number         0  stm32f4xx_usart.o ABSOLUTE
    lib\\c\\stm32f4xx_wwdg.c                 0x00000000   Number         0  stm32f4xx_wwdg.o ABSOLUTE
    lib\\c\\system_stm32f4xx.c               0x00000000   Number         0  system_stm32f4xx.o ABSOLUTE
    lib\\s\\startup_stm32f4xx.s              0x00000000   Number         0  startup_stm32f4xx.o ABSOLUTE
    lib\c\misc.c                             0x00000000   Number         0  misc.o ABSOLUTE
    lib\c\stm32f4_discovery.c                0x00000000   Number         0  stm32f4_discovery.o ABSOLUTE
    lib\c\stm32f4xx_adc.c                    0x00000000   Number         0  stm32f4xx_adc.o ABSOLUTE
    lib\c\stm32f4xx_can.c                    0x00000000   Number         0  stm32f4xx_can.o ABSOLUTE
    lib\c\stm32f4xx_crc.c                    0x00000000   Number         0  stm32f4xx_crc.o ABSOLUTE
    lib\c\stm32f4xx_cryp.c                   0x00000000   Number         0  stm32f4xx_cryp.o ABSOLUTE
    lib\c\stm32f4xx_cryp_aes.c               0x00000000   Number         0  stm32f4xx_cryp_aes.o ABSOLUTE
    lib\c\stm32f4xx_cryp_des.c               0x00000000   Number         0  stm32f4xx_cryp_des.o ABSOLUTE
    lib\c\stm32f4xx_cryp_tdes.c              0x00000000   Number         0  stm32f4xx_cryp_tdes.o ABSOLUTE
    lib\c\stm32f4xx_dac.c                    0x00000000   Number         0  stm32f4xx_dac.o ABSOLUTE
    lib\c\stm32f4xx_dbgmcu.c                 0x00000000   Number         0  stm32f4xx_dbgmcu.o ABSOLUTE
    lib\c\stm32f4xx_dcmi.c                   0x00000000   Number         0  stm32f4xx_dcmi.o ABSOLUTE
    lib\c\stm32f4xx_dma.c                    0x00000000   Number         0  stm32f4xx_dma.o ABSOLUTE
    lib\c\stm32f4xx_exti.c                   0x00000000   Number         0  stm32f4xx_exti.o ABSOLUTE
    lib\c\stm32f4xx_flash.c                  0x00000000   Number         0  stm32f4xx_flash.o ABSOLUTE
    lib\c\stm32f4xx_fsmc.c                   0x00000000   Number         0  stm32f4xx_fsmc.o ABSOLUTE
    lib\c\stm32f4xx_gpio.c                   0x00000000   Number         0  stm32f4xx_gpio.o ABSOLUTE
    lib\c\stm32f4xx_hash.c                   0x00000000   Number         0  stm32f4xx_hash.o ABSOLUTE
    lib\c\stm32f4xx_hash_md5.c               0x00000000   Number         0  stm32f4xx_hash_md5.o ABSOLUTE
    lib\c\stm32f4xx_hash_sha1.c              0x00000000   Number         0  stm32f4xx_hash_sha1.o ABSOLUTE
    lib\c\stm32f4xx_i2c.c                    0x00000000   Number         0  stm32f4xx_i2c.o ABSOLUTE
    lib\c\stm32f4xx_iwdg.c                   0x00000000   Number         0  stm32f4xx_iwdg.o ABSOLUTE
    lib\c\stm32f4xx_pwr.c                    0x00000000   Number         0  stm32f4xx_pwr.o ABSOLUTE
    lib\c\stm32f4xx_rcc.c                    0x00000000   Number         0  stm32f4xx_rcc.o ABSOLUTE
    lib\c\stm32f4xx_rng.c                    0x00000000   Number         0  stm32f4xx_rng.o ABSOLUTE
    lib\c\stm32f4xx_rtc.c                    0x00000000   Number         0  stm32f4xx_rtc.o ABSOLUTE
    lib\c\stm32f4xx_sdio.c                   0x00000000   Number         0  stm32f4xx_sdio.o ABSOLUTE
    lib\c\stm32f4xx_spi.c                    0x00000000   Number         0  stm32f4xx_spi.o ABSOLUTE
    lib\c\stm32f4xx_syscfg.c                 0x00000000   Number         0  stm32f4xx_syscfg.o ABSOLUTE
    lib\c\stm32f4xx_tim.c                    0x00000000   Number         0  stm32f4xx_tim.o ABSOLUTE
    lib\c\stm32f4xx_usart.c                  0x00000000   Number         0  stm32f4xx_usart.o ABSOLUTE
    lib\c\stm32f4xx_wwdg.c                   0x00000000   Number         0  stm32f4xx_wwdg.o ABSOLUTE
    lib\c\system_stm32f4xx.c                 0x00000000   Number         0  system_stm32f4xx.o ABSOLUTE
    src\I2C.c                                0x00000000   Number         0  i2c.o ABSOLUTE
    src\\I2C.c                               0x00000000   Number         0  i2c.o ABSOLUTE
    src\\hw_config.c                         0x00000000   Number         0  hw_config.o ABSOLUTE
    src\\hw_it.c                             0x00000000   Number         0  hw_it.o ABSOLUTE
    src\\main.c                              0x00000000   Number         0  main.o ABSOLUTE
    src\\shell.c                             0x00000000   Number         0  shell.o ABSOLUTE
    src\\stm32f4_discovery_lis3dsh.c         0x00000000   Number         0  stm32f4_discovery_lis3dsh.o ABSOLUTE
    src\\string-util.c                       0x00000000   Number         0  string-util.o ABSOLUTE
    src\\testp.c                             0x00000000   Number         0  testp.o ABSOLUTE
    src\hw_config.c                          0x00000000   Number         0  hw_config.o ABSOLUTE
    src\hw_it.c                              0x00000000   Number         0  hw_it.o ABSOLUTE
    src\main.c                               0x00000000   Number         0  main.o ABSOLUTE
    src\shell.c                              0x00000000   Number         0  shell.o ABSOLUTE
    src\stm32f4_discovery_lis3dsh.c          0x00000000   Number         0  stm32f4_discovery_lis3dsh.o ABSOLUTE
    src\string-util.c                        0x00000000   Number         0  string-util.o ABSOLUTE
    src\testp.c                              0x00000000   Number         0  testp.o ABSOLUTE
    RESET                                    0x08000000   Section      392  startup_stm32f4xx.o(RESET)
    .ARM.Collect$$$$00000000                 0x08000188   Section        0  entry.o(.ARM.Collect$$$$00000000)
    .ARM.Collect$$$$00000001                 0x08000188   Section        4  entry2.o(.ARM.Collect$$$$00000001)
    .ARM.Collect$$$$00000004                 0x0800018c   Section        4  entry5.o(.ARM.Collect$$$$00000004)
    .ARM.Collect$$$$00000008                 0x08000190   Section        0  entry7b.o(.ARM.Collect$$$$00000008)
    .ARM.Collect$$$$00000009                 0x08000190   Section        8  entry8.o(.ARM.Collect$$$$00000009)
    .ARM.Collect$$$$00002712                 0x08000198   Section        4  entry2.o(.ARM.Collect$$$$00002712)
    __lit__00000000                          0x08000198   Data           4  entry2.o(.ARM.Collect$$$$00002712)
    .emb_text                                0x0800019c   Section      202  port.o(.emb_text)
    $v0                                      0x0800019c   Number         0  port.o(.emb_text)
    .text                                    0x08000268   Section       36  startup_stm32f4xx.o(.text)
    $v0                                      0x08000268   Number         0  startup_stm32f4xx.o(.text)
    .text                                    0x0800028c   Section        0  memcpya.o(.text)
    .text                                    0x080002b0   Section        0  memseta.o(.text)
    .text                                    0x080002d4   Section        0  dmul.o(.text)
    .text                                    0x080003b8   Section        0  ddiv.o(.text)
    .text                                    0x08000496   Section        0  dflti.o(.text)
    .text                                    0x080004b8   Section        0  d2f.o(.text)
    .text                                    0x080004f0   Section        0  fepilogue.o(.text)
    .text                                    0x080004f0   Section        0  iusefp.o(.text)
    .text                                    0x0800055c   Section        0  depilogue.o(.text)
    .text                                    0x0800061c   Section       36  init.o(.text)
    .text                                    0x08000640   Section        0  llshl.o(.text)
    .text                                    0x0800065e   Section        0  llushr.o(.text)
    .text                                    0x0800067e   Section        0  __dczerorl2.o(.text)
    i.Delay_1ms                              0x080006da   Section        0  i2c.o(i.Delay_1ms)
    i.Delay_5ms                              0x080006ee   Section        0  shell.o(i.Delay_5ms)
    i.EXTI_Init                              0x08000704   Section        0  stm32f4xx_exti.o(i.EXTI_Init)
    i.GPIO_Configuration                     0x08000774   Section        0  hw_config.o(i.GPIO_Configuration)
    i.GPIO_Init                              0x08000808   Section        0  stm32f4xx_gpio.o(i.GPIO_Init)
    i.GPIO_PinAFConfig                       0x080008aa   Section        0  stm32f4xx_gpio.o(i.GPIO_PinAFConfig)
    i.GPIO_ResetBits                         0x080008ca   Section        0  stm32f4xx_gpio.o(i.GPIO_ResetBits)
    i.GPIO_SetBits                           0x080008ce   Section        0  stm32f4xx_gpio.o(i.GPIO_SetBits)
    i.GPIO_StructInit                        0x080008d2   Section        0  stm32f4xx_gpio.o(i.GPIO_StructInit)
    i.I2C_AcknowledgeConfig                  0x080008e4   Section        0  stm32f4xx_i2c.o(i.I2C_AcknowledgeConfig)
    i.I2C_CheckEvent                         0x080008f8   Section        0  stm32f4xx_i2c.o(i.I2C_CheckEvent)
    i.I2C_Cmd                                0x08000910   Section        0  stm32f4xx_i2c.o(i.I2C_Cmd)
    i.I2C_GenerateSTART                      0x08000924   Section        0  stm32f4xx_i2c.o(i.I2C_GenerateSTART)
    i.I2C_GenerateSTOP                       0x08000938   Section        0  stm32f4xx_i2c.o(i.I2C_GenerateSTOP)
    i.I2C_GetFlagStatus                      0x0800094c   Section        0  stm32f4xx_i2c.o(i.I2C_GetFlagStatus)
    i.I2C_Init                               0x0800096c   Section        0  stm32f4xx_i2c.o(i.I2C_Init)
    i.I2C_ReceiveData                        0x08000a20   Section        0  stm32f4xx_i2c.o(i.I2C_ReceiveData)
    i.I2C_Send7bitAddress                    0x08000a26   Section        0  stm32f4xx_i2c.o(i.I2C_Send7bitAddress)
    i.I2C_SendData                           0x08000a36   Section        0  stm32f4xx_i2c.o(i.I2C_SendData)
    i.I2C_readreg                            0x08000a3c   Section        0  i2c.o(i.I2C_readreg)
    i.I2C_write                              0x08000b10   Section        0  i2c.o(i.I2C_write)
    i.LIS3DSH_Init                           0x08000ba0   Section        0  stm32f4_discovery_lis3dsh.o(i.LIS3DSH_Init)
    i.LIS3DSH_LowLevel_Init                  0x08000bd0   Section        0  stm32f4_discovery_lis3dsh.o(i.LIS3DSH_LowLevel_Init)
    LIS3DSH_LowLevel_Init                    0x08000bd1   Thumb Code   276  stm32f4_discovery_lis3dsh.o(i.LIS3DSH_LowLevel_Init)
    i.LIS3DSH_Read                           0x08000cf0   Section        0  stm32f4_discovery_lis3dsh.o(i.LIS3DSH_Read)
    i.LIS3DSH_SendByte                       0x08000d3c   Section        0  stm32f4_discovery_lis3dsh.o(i.LIS3DSH_SendByte)
    LIS3DSH_SendByte                         0x08000d3d   Thumb Code    90  stm32f4_discovery_lis3dsh.o(i.LIS3DSH_SendByte)
    i.LIS3DSH_TIMEOUT_UserCallback           0x08000da0   Section        0  hw_config.o(i.LIS3DSH_TIMEOUT_UserCallback)
    i.LIS3DSH_Write                          0x08000da4   Section        0  stm32f4_discovery_lis3dsh.o(i.LIS3DSH_Write)
    i.Motor_Control                          0x08000de8   Section        0  main.o(i.Motor_Control)
    i.My_Usart3_Printf                       0x08000e40   Section        0  testp.o(i.My_Usart3_Printf)
    i.NVIC_Init                              0x08000e68   Section        0  misc.o(i.NVIC_Init)
    i.NVIC_PriorityGroupConfig               0x08000ecc   Section        0  misc.o(i.NVIC_PriorityGroupConfig)
    i.NVIC_SetVectorTable                    0x08000ee0   Section        0  misc.o(i.NVIC_SetVectorTable)
    i.RCC_AHB1PeriphClockCmd                 0x08000ef4   Section        0  stm32f4xx_rcc.o(i.RCC_AHB1PeriphClockCmd)
    i.RCC_APB1PeriphClockCmd                 0x08000f0c   Section        0  stm32f4xx_rcc.o(i.RCC_APB1PeriphClockCmd)
    i.RCC_APB1PeriphResetCmd                 0x08000f24   Section        0  stm32f4xx_rcc.o(i.RCC_APB1PeriphResetCmd)
    i.RCC_APB2PeriphClockCmd                 0x08000f3c   Section        0  stm32f4xx_rcc.o(i.RCC_APB2PeriphClockCmd)
    i.RCC_APB2PeriphResetCmd                 0x08000f54   Section        0  stm32f4xx_rcc.o(i.RCC_APB2PeriphResetCmd)
    i.RCC_Configuration                      0x08000f6c   Section        0  hw_config.o(i.RCC_Configuration)
    i.RCC_GetClocksFreq                      0x08000f94   Section        0  stm32f4xx_rcc.o(i.RCC_GetClocksFreq)
    i.SPI_Cmd                                0x08001028   Section        0  stm32f4xx_spi.o(i.SPI_Cmd)
    i.SPI_I2S_DeInit                         0x0800103c   Section        0  stm32f4xx_spi.o(i.SPI_I2S_DeInit)
    i.SPI_I2S_GetFlagStatus                  0x08001090   Section        0  stm32f4xx_spi.o(i.SPI_I2S_GetFlagStatus)
    i.SPI_I2S_ReceiveData                    0x0800109e   Section        0  stm32f4xx_spi.o(i.SPI_I2S_ReceiveData)
    i.SPI_I2S_SendData                       0x080010a2   Section        0  stm32f4xx_spi.o(i.SPI_I2S_SendData)
    i.SPI_Init                               0x080010a6   Section        0  stm32f4xx_spi.o(i.SPI_Init)
    i.STM_EVAL_PBInit                        0x080010e0   Section        0  stm32f4_discovery.o(i.STM_EVAL_PBInit)
    i.SYSCFG_EXTILineConfig                  0x08001178   Section        0  stm32f4xx_syscfg.o(i.SYSCFG_EXTILineConfig)
    i.SetSysClock                            0x080011a0   Section        0  system_stm32f4xx.o(i.SetSysClock)
    SetSysClock                              0x080011a1   Thumb Code   140  system_stm32f4xx.o(i.SetSysClock)
    i.SysTick_Handler                        0x0800123c   Section        0  port.o(i.SysTick_Handler)
    i.SystemInit                             0x08001260   Section        0  system_stm32f4xx.o(i.SystemInit)
    i.TIM_Cmd                                0x080012bc   Section        0  stm32f4xx_tim.o(i.TIM_Cmd)
    i.TIM_Configuration                      0x080012d0   Section        0  hw_config.o(i.TIM_Configuration)
    i.TIM_OC1Init                            0x08001344   Section        0  stm32f4xx_tim.o(i.TIM_OC1Init)
    i.TIM_OC2Init                            0x080013a4   Section        0  stm32f4xx_tim.o(i.TIM_OC2Init)
    i.TIM_OC3Init                            0x08001424   Section        0  stm32f4xx_tim.o(i.TIM_OC3Init)
    i.TIM_OC4Init                            0x080014a0   Section        0  stm32f4xx_tim.o(i.TIM_OC4Init)
    i.TIM_OCStructInit                       0x08001500   Section        0  stm32f4xx_tim.o(i.TIM_OCStructInit)
    i.TIM_TimeBaseInit                       0x08001514   Section        0  stm32f4xx_tim.o(i.TIM_TimeBaseInit)
    i.TIM_TimeBaseStructInit                 0x08001590   Section        0  stm32f4xx_tim.o(i.TIM_TimeBaseStructInit)
    i.USART2_IRQHandler                      0x080015a4   Section        0  hw_it.o(i.USART2_IRQHandler)
    i.USART_ClearFlag                        0x0800166c   Section        0  stm32f4xx_usart.o(i.USART_ClearFlag)
    i.USART_Cmd                              0x08001672   Section        0  stm32f4xx_usart.o(i.USART_Cmd)
    i.USART_Configuration                    0x08001688   Section        0  hw_config.o(i.USART_Configuration)
    i.USART_GetFlagStatus                    0x08001700   Section        0  stm32f4xx_usart.o(i.USART_GetFlagStatus)
    i.USART_GetITStatus                      0x0800170e   Section        0  stm32f4xx_usart.o(i.USART_GetITStatus)
    i.USART_ITConfig                         0x0800174c   Section        0  stm32f4xx_usart.o(i.USART_ITConfig)
    i.USART_Init                             0x0800177c   Section        0  stm32f4xx_usart.o(i.USART_Init)
    i.USART_ReceiveData                      0x08001834   Section        0  stm32f4xx_usart.o(i.USART_ReceiveData)
    i.USART_SendData                         0x0800183c   Section        0  stm32f4xx_usart.o(i.USART_SendData)
    i.Uart_Init                              0x08001844   Section        0  testp.o(i.Uart_Init)
    i.__scatterload_copy                     0x080018f0   Section       14  handlers.o(i.__scatterload_copy)
    i.__scatterload_null                     0x080018fe   Section        2  handlers.o(i.__scatterload_null)
    i.__scatterload_zeroinit                 0x08001900   Section       14  handlers.o(i.__scatterload_zeroinit)
    i._toa                                   0x0800190e   Section        0  string-util.o(i._toa)
    i.atoi                                   0x08001988   Section        0  string-util.o(i.atoi)
    i.check_keyword                          0x080019a4   Section        0  shell.o(i.check_keyword)
    i.cmdtok                                 0x08001a9c   Section        0  shell.o(i.cmdtok)
    i.init_I2C1                              0x08001aee   Section        0  i2c.o(i.init_I2C1)
    i.init_I2C1_lowlevel                     0x08001b30   Section        0  i2c.o(i.init_I2C1_lowlevel)
    i.itoa                                   0x08001bd4   Section        0  string-util.o(i.itoa)
    i.land                                   0x08001bdc   Section        0  shell.o(i.land)
    i.main                                   0x08001c64   Section        0  main.o(i.main)
    i.pitch                                  0x08001e00   Section        0  shell.o(i.pitch)
    i.prvAddCurrentTaskToDelayedList         0x08001e80   Section        0  tasks.o(i.prvAddCurrentTaskToDelayedList)
    prvAddCurrentTaskToDelayedList           0x08001e81   Thumb Code    48  tasks.o(i.prvAddCurrentTaskToDelayedList)
    i.prvCheckForValidListAndQueue           0x08001eb4   Section        0  timers.o(i.prvCheckForValidListAndQueue)
    prvCheckForValidListAndQueue             0x08001eb5   Thumb Code    68  timers.o(i.prvCheckForValidListAndQueue)
    i.prvCheckTasksWaitingTermination        0x08001f08   Section        0  tasks.o(i.prvCheckTasksWaitingTermination)
    prvCheckTasksWaitingTermination          0x08001f09   Thumb Code    76  tasks.o(i.prvCheckTasksWaitingTermination)
    i.prvCopyDataFromQueue                   0x08001f5c   Section        0  queue.o(i.prvCopyDataFromQueue)
    prvCopyDataFromQueue                     0x08001f5d   Thumb Code    40  queue.o(i.prvCopyDataFromQueue)
    i.prvCopyDataToQueue                     0x08001f84   Section        0  queue.o(i.prvCopyDataToQueue)
    prvCopyDataToQueue                       0x08001f85   Thumb Code   104  queue.o(i.prvCopyDataToQueue)
    i.prvIdleTask                            0x08001fec   Section        0  tasks.o(i.prvIdleTask)
    prvIdleTask                              0x08001fed   Thumb Code    24  tasks.o(i.prvIdleTask)
    i.prvInsertTimerInActiveList             0x08002008   Section        0  timers.o(i.prvInsertTimerInActiveList)
    prvInsertTimerInActiveList               0x08002009   Thumb Code    52  timers.o(i.prvInsertTimerInActiveList)
    i.prvMEMS_Config                         0x08002040   Section        0  hw_config.o(i.prvMEMS_Config)
    i.prvProcessReceivedCommands             0x08002088   Section        0  timers.o(i.prvProcessReceivedCommands)
    prvProcessReceivedCommands               0x08002089   Thumb Code   160  timers.o(i.prvProcessReceivedCommands)
    i.prvProcessTimerOrBlockTask             0x0800212c   Section        0  timers.o(i.prvProcessTimerOrBlockTask)
    prvProcessTimerOrBlockTask               0x0800212d   Thumb Code   136  timers.o(i.prvProcessTimerOrBlockTask)
    i.prvResetNextTaskUnblockTime            0x080021b8   Section        0  tasks.o(i.prvResetNextTaskUnblockTime)
    prvResetNextTaskUnblockTime              0x080021b9   Thumb Code    26  tasks.o(i.prvResetNextTaskUnblockTime)
    i.prvSampleTimeNow                       0x080021d8   Section        0  timers.o(i.prvSampleTimeNow)
    prvSampleTimeNow                         0x080021d9   Thumb Code    36  timers.o(i.prvSampleTimeNow)
    i.prvSetupHardware                       0x08002200   Section        0  hw_config.o(i.prvSetupHardware)
    i.prvSwitchTimerLists                    0x08002238   Section        0  timers.o(i.prvSwitchTimerLists)
    prvSwitchTimerLists                      0x08002239   Thumb Code    92  timers.o(i.prvSwitchTimerLists)
    i.prvTaskExitError                       0x08002298   Section        0  port.o(i.prvTaskExitError)
    prvTaskExitError                         0x08002299   Thumb Code    20  port.o(i.prvTaskExitError)
    i.prvTimerTask                           0x080022b0   Section        0  timers.o(i.prvTimerTask)
    prvTimerTask                             0x080022b1   Thumb Code    32  timers.o(i.prvTimerTask)
    i.prvUnlockQueue                         0x080022d4   Section        0  queue.o(i.prvUnlockQueue)
    prvUnlockQueue                           0x080022d5   Thumb Code   100  queue.o(i.prvUnlockQueue)
    i.pvPortMalloc                           0x08002338   Section        0  heap_1.o(i.pvPortMalloc)
    i.pwm                                    0x08002394   Section        0  shell.o(i.pwm)
    i.pxPortInitialiseStack                  0x080023cc   Section        0  port.o(i.pxPortInitialiseStack)
    i.qprintf                                0x080023f0   Section        0  string-util.o(i.qprintf)
    i.receive_byte                           0x080024f4   Section        0  main.o(i.receive_byte)
    i.roll                                   0x08002534   Section        0  shell.o(i.roll)
    i.shell                                  0x080025b4   Section        0  shell.o(i.shell)
    i.strcmp                                 0x0800265c   Section        0  shell.o(i.strcmp)
    i.strcpy                                 0x08002684   Section        0  string-util.o(i.strcpy)
    i.tune                                   0x08002698   Section        0  shell.o(i.tune)
    i.uxListRemove                           0x08002780   Section        0  list.o(i.uxListRemove)
    i.vApplicationIdleHook                   0x080027a4   Section        0  main.o(i.vApplicationIdleHook)
    i.vApplicationMallocFailedHook           0x080027a6   Section        0  main.o(i.vApplicationMallocFailedHook)
    i.vApplicationTickHook                   0x080027a8   Section        0  main.o(i.vApplicationTickHook)
    i.vBalanceTask                           0x080027ac   Section        0  main.o(i.vBalanceTask)
    i.vListInitialise                        0x08002978   Section        0  list.o(i.vListInitialise)
    i.vListInitialiseItem                    0x0800298e   Section        0  list.o(i.vListInitialiseItem)
    i.vListInsert                            0x08002994   Section        0  list.o(i.vListInsert)
    i.vListInsertEnd                         0x080029c4   Section        0  list.o(i.vListInsertEnd)
    i.vPWMctrlTask                           0x080029dc   Section        0  main.o(i.vPWMctrlTask)
    i.vPitchctrlTask                         0x08002a40   Section        0  main.o(i.vPitchctrlTask)
    i.vPortEnterCritical                     0x08002ab0   Section        0  port.o(i.vPortEnterCritical)
    i.vPortExitCritical                      0x08002acc   Section        0  port.o(i.vPortExitCritical)
    i.vPortFree                              0x08002af0   Section        0  heap_1.o(i.vPortFree)
    i.vPortSetupTimerInterrupt               0x08002b00   Section        0  port.o(i.vPortSetupTimerInterrupt)
    i.vPortValidateInterruptPriority         0x08002b20   Section        0  port.o(i.vPortValidateInterruptPriority)
    i.vPortYield                             0x08002b60   Section        0  port.o(i.vPortYield)
    i.vQueueAddToRegistry                    0x08002b78   Section        0  queue.o(i.vQueueAddToRegistry)
    i.vQueueWaitForMessageRestricted         0x08002ba0   Section        0  queue.o(i.vQueueWaitForMessageRestricted)
    i.vRollctrlTask                          0x08002bdc   Section        0  main.o(i.vRollctrlTask)
    i.vTaskDelay                             0x08002c4c   Section        0  tasks.o(i.vTaskDelay)
    i.vTaskMissedYield                       0x08002c8c   Section        0  tasks.o(i.vTaskMissedYield)
    i.vTaskPlaceOnEventList                  0x08002c98   Section        0  tasks.o(i.vTaskPlaceOnEventList)
    i.vTaskPlaceOnEventListRestricted        0x08002cdc   Section        0  tasks.o(i.vTaskPlaceOnEventListRestricted)
    i.vTaskPriorityDisinherit                0x08002d0c   Section        0  tasks.o(i.vTaskPriorityDisinherit)
    i.vTaskPriorityInherit                   0x08002d5c   Section        0  tasks.o(i.vTaskPriorityInherit)
    i.vTaskSetTimeOutState                   0x08002dc8   Section        0  tasks.o(i.vTaskSetTimeOutState)
    i.vTaskStartScheduler                    0x08002de4   Section        0  tasks.o(i.vTaskStartScheduler)
    i.vTaskSuspendAll                        0x08002e38   Section        0  tasks.o(i.vTaskSuspendAll)
    i.vTaskSwitchContext                     0x08002e48   Section        0  tasks.o(i.vTaskSwitchContext)
    i.vTimerSample                           0x08002ea4   Section        0  main.o(i.vTimerSample)
    i.vTimerSystemIdle                       0x08003218   Section        0  main.o(i.vTimerSystemIdle)
    i.vUsartSendTask                         0x08003268   Section        0  main.o(i.vUsartSendTask)
    i.xPortStartScheduler                    0x080032b4   Section        0  port.o(i.xPortStartScheduler)
    i.xQueueGenericCreate                    0x0800332c   Section        0  queue.o(i.xQueueGenericCreate)
    i.xQueueGenericReceive                   0x08003374   Section        0  queue.o(i.xQueueGenericReceive)
    i.xQueueGenericReset                     0x080034a2   Section        0  queue.o(i.xQueueGenericReset)
    i.xQueueGenericSend                      0x0800350c   Section        0  queue.o(i.xQueueGenericSend)
    i.xQueueGenericSendFromISR               0x0800361c   Section        0  queue.o(i.xQueueGenericSendFromISR)
    i.xTaskCheckForTimeOut                   0x080036a8   Section        0  tasks.o(i.xTaskCheckForTimeOut)
    i.xTaskGenericCreate                     0x08003700   Section        0  tasks.o(i.xTaskGenericCreate)
    i.xTaskGetCurrentTaskHandle              0x08003880   Section        0  tasks.o(i.xTaskGetCurrentTaskHandle)
    i.xTaskGetSchedulerState                 0x0800388c   Section        0  tasks.o(i.xTaskGetSchedulerState)
    i.xTaskGetTickCount                      0x080038a8   Section        0  tasks.o(i.xTaskGetTickCount)
    i.xTaskIncrementTick                     0x080038c0   Section        0  tasks.o(i.xTaskIncrementTick)
    i.xTaskRemoveFromEventList               0x08003988   Section        0  tasks.o(i.xTaskRemoveFromEventList)
    i.xTaskResumeAll                         0x080039ec   Section        0  tasks.o(i.xTaskResumeAll)
    i.xTimerCreate                           0x08003a94   Section        0  timers.o(i.xTimerCreate)
    i.xTimerCreateTimerTask                  0x08003ad4   Section        0  timers.o(i.xTimerCreateTimerTask)
    i.xTimerGenericCommand                   0x08003b18   Section        0  timers.o(i.xTimerGenericCommand)
    i.xtoa                                   0x08003b60   Section        0  string-util.o(i.xtoa)
    .constdata                               0x08003b68   Section      140  shell.o(.constdata)
    .constdata                               0x08003bf4   Section       36  stm32f4_discovery.o(.constdata)
    .data                                    0x20000000   Section      136  main.o(.data)
    .data                                    0x20000088   Section        4  stm32f4_discovery_lis3dsh.o(.data)
    .data                                    0x2000008c   Section        8  shell.o(.data)
    .data                                    0x20000094   Section        4  hw_it.o(.data)
    xHigherPriorityTaskWoken                 0x20000094   Data           4  hw_it.o(.data)
    .data                                    0x20000098   Section       16  stm32f4xx_rcc.o(.data)
    APBAHBPrescTable                         0x20000098   Data          16  stm32f4xx_rcc.o(.data)
    .data                                    0x200000a8   Section       20  stm32f4_discovery.o(.data)
    .data                                    0x200000bc   Section       20  system_stm32f4xx.o(.data)
    .data                                    0x200000d0   Section       16  timers.o(.data)
    xTimerQueue                              0x200000d0   Data           4  timers.o(.data)
    xLastTime                                0x200000d4   Data           4  timers.o(.data)
    pxCurrentTimerList                       0x200000d8   Data           4  timers.o(.data)
    pxOverflowTimerList                      0x200000dc   Data           4  timers.o(.data)
    .data                                    0x200000e0   Section       12  port.o(.data)
    ucMaxSysCallPriority                     0x200000e0   Data           1  port.o(.data)
    uxCriticalNesting                        0x200000e4   Data           4  port.o(.data)
    ulMaxPRIGROUPValue                       0x200000e8   Data           4  port.o(.data)
    .data                                    0x200000ec   Section       56  tasks.o(.data)
    uxTasksDeleted                           0x200000f0   Data           4  tasks.o(.data)
    uxCurrentNumberOfTasks                   0x200000f4   Data           4  tasks.o(.data)
    xTickCount                               0x200000f8   Data           4  tasks.o(.data)
    uxTopReadyPriority                       0x200000fc   Data           4  tasks.o(.data)
    xSchedulerRunning                        0x20000100   Data           4  tasks.o(.data)
    uxSchedulerSuspended                     0x20000104   Data           4  tasks.o(.data)
    uxPendedTicks                            0x20000108   Data           4  tasks.o(.data)
    xYieldPending                            0x2000010c   Data           4  tasks.o(.data)
    xNumOfOverflows                          0x20000110   Data           4  tasks.o(.data)
    uxTaskNumber                             0x20000114   Data           4  tasks.o(.data)
    xNextTaskUnblockTime                     0x20000118   Data           4  tasks.o(.data)
    pxDelayedTaskList                        0x2000011c   Data           4  tasks.o(.data)
    pxOverflowDelayedTaskList                0x20000120   Data           4  tasks.o(.data)
    .data                                    0x20000124   Section        8  heap_1.o(.data)
    xNextFreeByte                            0x20000124   Data           4  heap_1.o(.data)
    pucAlignedHeap                           0x20000128   Data           4  heap_1.o(.data)
    .bss                                     0x2000012c   Section       60  main.o(.bss)
    .bss                                     0x20000168   Section       20  shell.o(.bss)
    .bss                                     0x2000017c   Section       64  queue.o(.bss)
    .bss                                     0x200001bc   Section       40  timers.o(.bss)
    xActiveTimerList1                        0x200001bc   Data          20  timers.o(.bss)
    xActiveTimerList2                        0x200001d0   Data          20  timers.o(.bss)
    .bss                                     0x200001e4   Section      200  tasks.o(.bss)
    pxReadyTasksLists                        0x200001e4   Data         100  tasks.o(.bss)
    xDelayedTaskList1                        0x20000248   Data          20  tasks.o(.bss)
    xDelayedTaskList2                        0x2000025c   Data          20  tasks.o(.bss)
    xPendingReadyList                        0x20000270   Data          20  tasks.o(.bss)
    xTasksWaitingTermination                 0x20000284   Data          20  tasks.o(.bss)
    xSuspendedTaskList                       0x20000298   Data          20  tasks.o(.bss)
    .bss                                     0x200002ac   Section    76800  heap_1.o(.bss)
    ucHeap                                   0x200002ac   Data       76800  heap_1.o(.bss)
    STACK                                    0x20012eb0   Section     1024  startup_stm32f4xx.o(STACK)

    Global Symbols

    Symbol Name                              Value     Ov Type        Size  Object(Section)

    BuildAttributes$$THM_ISAv4$E$P$D$K$B$S$7EM$VFPi3$EXTD16$VFPS$VFMA$PE$A:L22UL41UL21$X:L11$S22US41US21$IEEE1$IW$USESV6$~STKCKD$USESV7$~SHL$OTIME$ROPI$EBA8$MICROLIB$REQ8$PRES8$EABIv2 0x00000000   Number         0  anon$$obj.o ABSOLUTE
    __ARM_use_no_argv                        0x00000000   Number         0  main.o ABSOLUTE
    _clock_init                               - Undefined Weak Reference
    __Vectors_Size                           0x00000188   Number         0  startup_stm32f4xx.o ABSOLUTE
    __Vectors                                0x08000000   Data           4  startup_stm32f4xx.o(RESET)
    __Vectors_End                            0x08000188   Data           0  startup_stm32f4xx.o(RESET)
    __main                                   0x08000189   Thumb Code     0  entry.o(.ARM.Collect$$$$00000000)
    _main_stk                                0x08000189   Thumb Code     0  entry2.o(.ARM.Collect$$$$00000001)
    _main_scatterload                        0x0800018d   Thumb Code     0  entry5.o(.ARM.Collect$$$$00000004)
    __main_after_scatterload                 0x08000191   Thumb Code     0  entry5.o(.ARM.Collect$$$$00000004)
    _main_clock                              0x08000191   Thumb Code     0  entry7b.o(.ARM.Collect$$$$00000008)
    _main_init                               0x08000191   Thumb Code     0  entry8.o(.ARM.Collect$$$$00000009)
    __asm___6_port_c_39a90d8d____REV16       0x0800019d   Thumb Code     4  port.o(.emb_text)
    __asm___6_port_c_39a90d8d____REVSH       0x080001a1   Thumb Code     4  port.o(.emb_text)
    SVC_Handler                              0x080001a5   Thumb Code    28  port.o(.emb_text)
    __asm___6_port_c_39a90d8d__prvStartFirstTask 0x080001c5   Thumb Code    24  port.o(.emb_text)
    __asm___6_port_c_39a90d8d__prvEnableVFP  0x080001e1   Thumb Code    16  port.o(.emb_text)
    PendSV_Handler                           0x080001f5   Thumb Code    82  port.o(.emb_text)
    ulPortSetInterruptMask                   0x0800024d   Thumb Code    14  port.o(.emb_text)
    vPortClearInterruptMask                  0x0800025b   Thumb Code     6  port.o(.emb_text)
    vPortGetIPSR                             0x08000261   Thumb Code     6  port.o(.emb_text)
    Reset_Handler                            0x08000269   Thumb Code     8  startup_stm32f4xx.o(.text)
    NMI_Handler                              0x08000271   Thumb Code     2  startup_stm32f4xx.o(.text)
    HardFault_Handler                        0x08000273   Thumb Code     2  startup_stm32f4xx.o(.text)
    MemManage_Handler                        0x08000275   Thumb Code     2  startup_stm32f4xx.o(.text)
    BusFault_Handler                         0x08000277   Thumb Code     2  startup_stm32f4xx.o(.text)
    UsageFault_Handler                       0x08000279   Thumb Code     2  startup_stm32f4xx.o(.text)
    DebugMon_Handler                         0x0800027d   Thumb Code     2  startup_stm32f4xx.o(.text)
    ADC_IRQHandler                           0x08000283   Thumb Code     0  startup_stm32f4xx.o(.text)
    CAN1_RX0_IRQHandler                      0x08000283   Thumb Code     0  startup_stm32f4xx.o(.text)
    CAN1_RX1_IRQHandler                      0x08000283   Thumb Code     0  startup_stm32f4xx.o(.text)
    CAN1_SCE_IRQHandler                      0x08000283   Thumb Code     0  startup_stm32f4xx.o(.text)
    CAN1_TX_IRQHandler                       0x08000283   Thumb Code     0  startup_stm32f4xx.o(.text)
    CAN2_RX0_IRQHandler                      0x08000283   Thumb Code     0  startup_stm32f4xx.o(.text)
    CAN2_RX1_IRQHandler                      0x08000283   Thumb Code     0  startup_stm32f4xx.o(.text)
    CAN2_SCE_IRQHandler                      0x08000283   Thumb Code     0  startup_stm32f4xx.o(.text)
    CAN2_TX_IRQHandler                       0x08000283   Thumb Code     0  startup_stm32f4xx.o(.text)
    CRYP_IRQHandler                          0x08000283   Thumb Code     0  startup_stm32f4xx.o(.text)
    DCMI_IRQHandler                          0x08000283   Thumb Code     0  startup_stm32f4xx.o(.text)
    DMA1_Stream0_IRQHandler                  0x08000283   Thumb Code     0  startup_stm32f4xx.o(.text)
    DMA1_Stream1_IRQHandler                  0x08000283   Thumb Code     0  startup_stm32f4xx.o(.text)
    DMA1_Stream2_IRQHandler                  0x08000283   Thumb Code     0  startup_stm32f4xx.o(.text)
    DMA1_Stream3_IRQHandler                  0x08000283   Thumb Code     0  startup_stm32f4xx.o(.text)
    DMA1_Stream4_IRQHandler                  0x08000283   Thumb Code     0  startup_stm32f4xx.o(.text)
    DMA1_Stream5_IRQHandler                  0x08000283   Thumb Code     0  startup_stm32f4xx.o(.text)
    DMA1_Stream6_IRQHandler                  0x08000283   Thumb Code     0  startup_stm32f4xx.o(.text)
    DMA1_Stream7_IRQHandler                  0x08000283   Thumb Code     0  startup_stm32f4xx.o(.text)
    DMA2_Stream0_IRQHandler                  0x08000283   Thumb Code     0  startup_stm32f4xx.o(.text)
    DMA2_Stream1_IRQHandler                  0x08000283   Thumb Code     0  startup_stm32f4xx.o(.text)
    DMA2_Stream2_IRQHandler                  0x08000283   Thumb Code     0  startup_stm32f4xx.o(.text)
    DMA2_Stream3_IRQHandler                  0x08000283   Thumb Code     0  startup_stm32f4xx.o(.text)
    DMA2_Stream4_IRQHandler                  0x08000283   Thumb Code     0  startup_stm32f4xx.o(.text)
    DMA2_Stream5_IRQHandler                  0x08000283   Thumb Code     0  startup_stm32f4xx.o(.text)
    DMA2_Stream6_IRQHandler                  0x08000283   Thumb Code     0  startup_stm32f4xx.o(.text)
    DMA2_Stream7_IRQHandler                  0x08000283   Thumb Code     0  startup_stm32f4xx.o(.text)
    ETH_IRQHandler                           0x08000283   Thumb Code     0  startup_stm32f4xx.o(.text)
    ETH_WKUP_IRQHandler                      0x08000283   Thumb Code     0  startup_stm32f4xx.o(.text)
    EXTI0_IRQHandler                         0x08000283   Thumb Code     0  startup_stm32f4xx.o(.text)
    EXTI15_10_IRQHandler                     0x08000283   Thumb Code     0  startup_stm32f4xx.o(.text)
    EXTI1_IRQHandler                         0x08000283   Thumb Code     0  startup_stm32f4xx.o(.text)
    EXTI2_IRQHandler                         0x08000283   Thumb Code     0  startup_stm32f4xx.o(.text)
    EXTI3_IRQHandler                         0x08000283   Thumb Code     0  startup_stm32f4xx.o(.text)
    EXTI4_IRQHandler                         0x08000283   Thumb Code     0  startup_stm32f4xx.o(.text)
    EXTI9_5_IRQHandler                       0x08000283   Thumb Code     0  startup_stm32f4xx.o(.text)
    FLASH_IRQHandler                         0x08000283   Thumb Code     0  startup_stm32f4xx.o(.text)
    FPU_IRQHandler                           0x08000283   Thumb Code     0  startup_stm32f4xx.o(.text)
    FSMC_IRQHandler                          0x08000283   Thumb Code     0  startup_stm32f4xx.o(.text)
    HASH_RNG_IRQHandler                      0x08000283   Thumb Code     0  startup_stm32f4xx.o(.text)
    I2C1_ER_IRQHandler                       0x08000283   Thumb Code     0  startup_stm32f4xx.o(.text)
    I2C1_EV_IRQHandler                       0x08000283   Thumb Code     0  startup_stm32f4xx.o(.text)
    I2C2_ER_IRQHandler                       0x08000283   Thumb Code     0  startup_stm32f4xx.o(.text)
    I2C2_EV_IRQHandler                       0x08000283   Thumb Code     0  startup_stm32f4xx.o(.text)
    I2C3_ER_IRQHandler                       0x08000283   Thumb Code     0  startup_stm32f4xx.o(.text)
    I2C3_EV_IRQHandler                       0x08000283   Thumb Code     0  startup_stm32f4xx.o(.text)
    OTG_FS_IRQHandler                        0x08000283   Thumb Code     0  startup_stm32f4xx.o(.text)
    OTG_FS_WKUP_IRQHandler                   0x08000283   Thumb Code     0  startup_stm32f4xx.o(.text)
    OTG_HS_EP1_IN_IRQHandler                 0x08000283   Thumb Code     0  startup_stm32f4xx.o(.text)
    OTG_HS_EP1_OUT_IRQHandler                0x08000283   Thumb Code     0  startup_stm32f4xx.o(.text)
    OTG_HS_IRQHandler                        0x08000283   Thumb Code     0  startup_stm32f4xx.o(.text)
    OTG_HS_WKUP_IRQHandler                   0x08000283   Thumb Code     0  startup_stm32f4xx.o(.text)
    PVD_IRQHandler                           0x08000283   Thumb Code     0  startup_stm32f4xx.o(.text)
    RCC_IRQHandler                           0x08000283   Thumb Code     0  startup_stm32f4xx.o(.text)
    RTC_Alarm_IRQHandler                     0x08000283   Thumb Code     0  startup_stm32f4xx.o(.text)
    RTC_WKUP_IRQHandler                      0x08000283   Thumb Code     0  startup_stm32f4xx.o(.text)
    SDIO_IRQHandler                          0x08000283   Thumb Code     0  startup_stm32f4xx.o(.text)
    SPI1_IRQHandler                          0x08000283   Thumb Code     0  startup_stm32f4xx.o(.text)
    SPI2_IRQHandler                          0x08000283   Thumb Code     0  startup_stm32f4xx.o(.text)
    SPI3_IRQHandler                          0x08000283   Thumb Code     0  startup_stm32f4xx.o(.text)
    TAMP_STAMP_IRQHandler                    0x08000283   Thumb Code     0  startup_stm32f4xx.o(.text)
    TIM1_BRK_TIM9_IRQHandler                 0x08000283   Thumb Code     0  startup_stm32f4xx.o(.text)
    TIM1_CC_IRQHandler                       0x08000283   Thumb Code     0  startup_stm32f4xx.o(.text)
    TIM1_TRG_COM_TIM11_IRQHandler            0x08000283   Thumb Code     0  startup_stm32f4xx.o(.text)
    TIM1_UP_TIM10_IRQHandler                 0x08000283   Thumb Code     0  startup_stm32f4xx.o(.text)
    TIM2_IRQHandler                          0x08000283   Thumb Code     0  startup_stm32f4xx.o(.text)
    TIM3_IRQHandler                          0x08000283   Thumb Code     0  startup_stm32f4xx.o(.text)
    TIM4_IRQHandler                          0x08000283   Thumb Code     0  startup_stm32f4xx.o(.text)
    TIM5_IRQHandler                          0x08000283   Thumb Code     0  startup_stm32f4xx.o(.text)
    TIM6_DAC_IRQHandler                      0x08000283   Thumb Code     0  startup_stm32f4xx.o(.text)
    TIM7_IRQHandler                          0x08000283   Thumb Code     0  startup_stm32f4xx.o(.text)
    TIM8_BRK_TIM12_IRQHandler                0x08000283   Thumb Code     0  startup_stm32f4xx.o(.text)
    TIM8_CC_IRQHandler                       0x08000283   Thumb Code     0  startup_stm32f4xx.o(.text)
    TIM8_TRG_COM_TIM14_IRQHandler            0x08000283   Thumb Code     0  startup_stm32f4xx.o(.text)
    TIM8_UP_TIM13_IRQHandler                 0x08000283   Thumb Code     0  startup_stm32f4xx.o(.text)
    UART4_IRQHandler                         0x08000283   Thumb Code     0  startup_stm32f4xx.o(.text)
    UART5_IRQHandler                         0x08000283   Thumb Code     0  startup_stm32f4xx.o(.text)
    USART1_IRQHandler                        0x08000283   Thumb Code     0  startup_stm32f4xx.o(.text)
    USART3_IRQHandler                        0x08000283   Thumb Code     0  startup_stm32f4xx.o(.text)
    USART6_IRQHandler                        0x08000283   Thumb Code     0  startup_stm32f4xx.o(.text)
    WWDG_IRQHandler                          0x08000283   Thumb Code     0  startup_stm32f4xx.o(.text)
    __aeabi_memcpy                           0x0800028d   Thumb Code    36  memcpya.o(.text)
    __aeabi_memcpy4                          0x0800028d   Thumb Code     0  memcpya.o(.text)
    __aeabi_memcpy8                          0x0800028d   Thumb Code     0  memcpya.o(.text)
    __aeabi_memset                           0x080002b1   Thumb Code    14  memseta.o(.text)
    __aeabi_memset4                          0x080002b1   Thumb Code     0  memseta.o(.text)
    __aeabi_memset8                          0x080002b1   Thumb Code     0  memseta.o(.text)
    __aeabi_memclr                           0x080002bf   Thumb Code     4  memseta.o(.text)
    __aeabi_memclr4                          0x080002bf   Thumb Code     0  memseta.o(.text)
    __aeabi_memclr8                          0x080002bf   Thumb Code     0  memseta.o(.text)
    _memset$wrapper                          0x080002c3   Thumb Code    18  memseta.o(.text)
    __aeabi_dmul                             0x080002d5   Thumb Code   228  dmul.o(.text)
    __aeabi_ddiv                             0x080003b9   Thumb Code   222  ddiv.o(.text)
    __aeabi_i2d                              0x08000497   Thumb Code    34  dflti.o(.text)
    __aeabi_d2f                              0x080004b9   Thumb Code    56  d2f.o(.text)
    __I$use$fp                               0x080004f1   Thumb Code     0  iusefp.o(.text)
    _float_round                             0x080004f1   Thumb Code    18  fepilogue.o(.text)
    _float_epilogue                          0x08000503   Thumb Code    90  fepilogue.o(.text)
    _double_round                            0x0800055d   Thumb Code    26  depilogue.o(.text)
    _double_epilogue                         0x08000577   Thumb Code   164  depilogue.o(.text)
    __scatterload                            0x0800061d   Thumb Code    28  init.o(.text)
    __scatterload_rt2                        0x0800061d   Thumb Code     0  init.o(.text)
    __aeabi_llsl                             0x08000641   Thumb Code    30  llshl.o(.text)
    _ll_shift_l                              0x08000641   Thumb Code     0  llshl.o(.text)
    __aeabi_llsr                             0x0800065f   Thumb Code    32  llushr.o(.text)
    _ll_ushift_r                             0x0800065f   Thumb Code     0  llushr.o(.text)
    __decompress                             0x0800067f   Thumb Code     0  __dczerorl2.o(.text)
    __decompress1                            0x0800067f   Thumb Code    92  __dczerorl2.o(.text)
    Delay_1ms                                0x080006db   Thumb Code    20  i2c.o(i.Delay_1ms)
    Delay_5ms                                0x080006ef   Thumb Code    20  shell.o(i.Delay_5ms)
    EXTI_Init                                0x08000705   Thumb Code   108  stm32f4xx_exti.o(i.EXTI_Init)
    GPIO_Configuration                       0x08000775   Thumb Code   138  hw_config.o(i.GPIO_Configuration)
    GPIO_Init                                0x08000809   Thumb Code   162  stm32f4xx_gpio.o(i.GPIO_Init)
    GPIO_PinAFConfig                         0x080008ab   Thumb Code    32  stm32f4xx_gpio.o(i.GPIO_PinAFConfig)
    GPIO_ResetBits                           0x080008cb   Thumb Code     4  stm32f4xx_gpio.o(i.GPIO_ResetBits)
    GPIO_SetBits                             0x080008cf   Thumb Code     4  stm32f4xx_gpio.o(i.GPIO_SetBits)
    GPIO_StructInit                          0x080008d3   Thumb Code    18  stm32f4xx_gpio.o(i.GPIO_StructInit)
    I2C_AcknowledgeConfig                    0x080008e5   Thumb Code    20  stm32f4xx_i2c.o(i.I2C_AcknowledgeConfig)
    I2C_CheckEvent                           0x080008f9   Thumb Code    24  stm32f4xx_i2c.o(i.I2C_CheckEvent)
    I2C_Cmd                                  0x08000911   Thumb Code    20  stm32f4xx_i2c.o(i.I2C_Cmd)
    I2C_GenerateSTART                        0x08000925   Thumb Code    20  stm32f4xx_i2c.o(i.I2C_GenerateSTART)
    I2C_GenerateSTOP                         0x08000939   Thumb Code    20  stm32f4xx_i2c.o(i.I2C_GenerateSTOP)
    I2C_GetFlagStatus                        0x0800094d   Thumb Code    30  stm32f4xx_i2c.o(i.I2C_GetFlagStatus)
    I2C_Init                                 0x0800096d   Thumb Code   172  stm32f4xx_i2c.o(i.I2C_Init)
    I2C_ReceiveData                          0x08000a21   Thumb Code     6  stm32f4xx_i2c.o(i.I2C_ReceiveData)
    I2C_Send7bitAddress                      0x08000a27   Thumb Code    16  stm32f4xx_i2c.o(i.I2C_Send7bitAddress)
    I2C_SendData                             0x08000a37   Thumb Code     4  stm32f4xx_i2c.o(i.I2C_SendData)
    I2C_readreg                              0x08000a3d   Thumb Code   194  i2c.o(i.I2C_readreg)
    I2C_write                                0x08000b11   Thumb Code   130  i2c.o(i.I2C_write)
    LIS3DSH_Init                             0x08000ba1   Thumb Code    46  stm32f4_discovery_lis3dsh.o(i.LIS3DSH_Init)
    LIS3DSH_Read                             0x08000cf1   Thumb Code    70  stm32f4_discovery_lis3dsh.o(i.LIS3DSH_Read)
    LIS3DSH_TIMEOUT_UserCallback             0x08000da1   Thumb Code     2  hw_config.o(i.LIS3DSH_TIMEOUT_UserCallback)
    LIS3DSH_Write                            0x08000da5   Thumb Code    64  stm32f4_discovery_lis3dsh.o(i.LIS3DSH_Write)
    Motor_Control                            0x08000de9   Thumb Code    84  main.o(i.Motor_Control)
    My_Usart3_Printf                         0x08000e41   Thumb Code    36  testp.o(i.My_Usart3_Printf)
    NVIC_Init                                0x08000e69   Thumb Code    92  misc.o(i.NVIC_Init)
    NVIC_PriorityGroupConfig                 0x08000ecd   Thumb Code    10  misc.o(i.NVIC_PriorityGroupConfig)
    NVIC_SetVectorTable                      0x08000ee1   Thumb Code    12  misc.o(i.NVIC_SetVectorTable)
    RCC_AHB1PeriphClockCmd                   0x08000ef5   Thumb Code    18  stm32f4xx_rcc.o(i.RCC_AHB1PeriphClockCmd)
    RCC_APB1PeriphClockCmd                   0x08000f0d   Thumb Code    18  stm32f4xx_rcc.o(i.RCC_APB1PeriphClockCmd)
    RCC_APB1PeriphResetCmd                   0x08000f25   Thumb Code    18  stm32f4xx_rcc.o(i.RCC_APB1PeriphResetCmd)
    RCC_APB2PeriphClockCmd                   0x08000f3d   Thumb Code    18  stm32f4xx_rcc.o(i.RCC_APB2PeriphClockCmd)
    RCC_APB2PeriphResetCmd                   0x08000f55   Thumb Code    18  stm32f4xx_rcc.o(i.RCC_APB2PeriphResetCmd)
    RCC_Configuration                        0x08000f6d   Thumb Code    38  hw_config.o(i.RCC_Configuration)
    RCC_GetClocksFreq                        0x08000f95   Thumb Code   134  stm32f4xx_rcc.o(i.RCC_GetClocksFreq)
    SPI_Cmd                                  0x08001029   Thumb Code    20  stm32f4xx_spi.o(i.SPI_Cmd)
    SPI_I2S_DeInit                           0x0800103d   Thumb Code    72  stm32f4xx_spi.o(i.SPI_I2S_DeInit)
    SPI_I2S_GetFlagStatus                    0x08001091   Thumb Code    14  stm32f4xx_spi.o(i.SPI_I2S_GetFlagStatus)
    SPI_I2S_ReceiveData                      0x0800109f   Thumb Code     4  stm32f4xx_spi.o(i.SPI_I2S_ReceiveData)
    SPI_I2S_SendData                         0x080010a3   Thumb Code     4  stm32f4xx_spi.o(i.SPI_I2S_SendData)
    SPI_Init                                 0x080010a7   Thumb Code    56  stm32f4xx_spi.o(i.SPI_Init)
    STM_EVAL_PBInit                          0x080010e1   Thumb Code   144  stm32f4_discovery.o(i.STM_EVAL_PBInit)
    SYSCFG_EXTILineConfig                    0x08001179   Thumb Code    34  stm32f4xx_syscfg.o(i.SYSCFG_EXTILineConfig)
    SysTick_Handler                          0x0800123d   Thumb Code    30  port.o(i.SysTick_Handler)
    SystemInit                               0x08001261   Thumb Code    74  system_stm32f4xx.o(i.SystemInit)
    TIM_Cmd                                  0x080012bd   Thumb Code    20  stm32f4xx_tim.o(i.TIM_Cmd)
    TIM_Configuration                        0x080012d1   Thumb Code   110  hw_config.o(i.TIM_Configuration)
    TIM_OC1Init                              0x08001345   Thumb Code    88  stm32f4xx_tim.o(i.TIM_OC1Init)
    TIM_OC2Init                              0x080013a5   Thumb Code   120  stm32f4xx_tim.o(i.TIM_OC2Init)
    TIM_OC3Init                              0x08001425   Thumb Code   116  stm32f4xx_tim.o(i.TIM_OC3Init)
    TIM_OC4Init                              0x080014a1   Thumb Code    88  stm32f4xx_tim.o(i.TIM_OC4Init)
    TIM_OCStructInit                         0x08001501   Thumb Code    20  stm32f4xx_tim.o(i.TIM_OCStructInit)
    TIM_TimeBaseInit                         0x08001515   Thumb Code    96  stm32f4xx_tim.o(i.TIM_TimeBaseInit)
    TIM_TimeBaseStructInit                   0x08001591   Thumb Code    18  stm32f4xx_tim.o(i.TIM_TimeBaseStructInit)
    USART2_IRQHandler                        0x080015a5   Thumb Code   144  hw_it.o(i.USART2_IRQHandler)
    USART_ClearFlag                          0x0800166d   Thumb Code     6  stm32f4xx_usart.o(i.USART_ClearFlag)
    USART_Cmd                                0x08001673   Thumb Code    20  stm32f4xx_usart.o(i.USART_Cmd)
    USART_Configuration                      0x08001689   Thumb Code   116  hw_config.o(i.USART_Configuration)
    USART_GetFlagStatus                      0x08001701   Thumb Code    14  stm32f4xx_usart.o(i.USART_GetFlagStatus)
    USART_GetITStatus                        0x0800170f   Thumb Code    62  stm32f4xx_usart.o(i.USART_GetITStatus)
    USART_ITConfig                           0x0800174d   Thumb Code    48  stm32f4xx_usart.o(i.USART_ITConfig)
    USART_Init                               0x0800177d   Thumb Code   174  stm32f4xx_usart.o(i.USART_Init)
    USART_ReceiveData                        0x08001835   Thumb Code     8  stm32f4xx_usart.o(i.USART_ReceiveData)
    USART_SendData                           0x0800183d   Thumb Code     8  stm32f4xx_usart.o(i.USART_SendData)
    Uart_Init                                0x08001845   Thumb Code   160  testp.o(i.Uart_Init)
    __scatterload_copy                       0x080018f1   Thumb Code    14  handlers.o(i.__scatterload_copy)
    __scatterload_null                       0x080018ff   Thumb Code     2  handlers.o(i.__scatterload_null)
    __scatterload_zeroinit                   0x08001901   Thumb Code    14  handlers.o(i.__scatterload_zeroinit)
    _toa                                     0x0800190f   Thumb Code   122  string-util.o(i._toa)
    atoi                                     0x08001989   Thumb Code    26  string-util.o(i.atoi)
    check_keyword                            0x080019a5   Thumb Code   172  shell.o(i.check_keyword)
    cmdtok                                   0x08001a9d   Thumb Code    82  shell.o(i.cmdtok)
    init_I2C1                                0x08001aef   Thumb Code    66  i2c.o(i.init_I2C1)
    init_I2C1_lowlevel                       0x08001b31   Thumb Code   150  i2c.o(i.init_I2C1_lowlevel)
    itoa                                     0x08001bd5   Thumb Code     8  string-util.o(i.itoa)
    land                                     0x08001bdd   Thumb Code    90  shell.o(i.land)
    main                                     0x08001c65   Thumb Code   286  main.o(i.main)
    pitch                                    0x08001e01   Thumb Code    64  shell.o(i.pitch)
    prvMEMS_Config                           0x08002041   Thumb Code    72  hw_config.o(i.prvMEMS_Config)
    prvSetupHardware                         0x08002201   Thumb Code    56  hw_config.o(i.prvSetupHardware)
    pvPortMalloc                             0x08002339   Thumb Code    78  heap_1.o(i.pvPortMalloc)
    pwm                                      0x08002395   Thumb Code    32  shell.o(i.pwm)
    pxPortInitialiseStack                    0x080023cd   Thumb Code    30  port.o(i.pxPortInitialiseStack)
    qprintf                                  0x080023f1   Thumb Code   252  string-util.o(i.qprintf)
    receive_byte                             0x080024f5   Thumb Code    42  main.o(i.receive_byte)
    roll                                     0x08002535   Thumb Code    64  shell.o(i.roll)
    shell                                    0x080025b5   Thumb Code   132  shell.o(i.shell)
    strcmp                                   0x0800265d   Thumb Code    40  shell.o(i.strcmp)
    strcpy                                   0x08002685   Thumb Code    18  string-util.o(i.strcpy)
    tune                                     0x08002699   Thumb Code   120  shell.o(i.tune)
    uxListRemove                             0x08002781   Thumb Code    36  list.o(i.uxListRemove)
    vApplicationIdleHook                     0x080027a5   Thumb Code     2  main.o(i.vApplicationIdleHook)
    vApplicationMallocFailedHook             0x080027a7   Thumb Code     2  main.o(i.vApplicationMallocFailedHook)
    vApplicationTickHook                     0x080027a9   Thumb Code     2  main.o(i.vApplicationTickHook)
    vBalanceTask                             0x080027ad   Thumb Code   376  main.o(i.vBalanceTask)
    vListInitialise                          0x08002979   Thumb Code    22  list.o(i.vListInitialise)
    vListInitialiseItem                      0x0800298f   Thumb Code     6  list.o(i.vListInitialiseItem)
    vListInsert                              0x08002995   Thumb Code    48  list.o(i.vListInsert)
    vListInsertEnd                           0x080029c5   Thumb Code    24  list.o(i.vListInsertEnd)
    vPWMctrlTask                             0x080029dd   Thumb Code    90  main.o(i.vPWMctrlTask)
    vPitchctrlTask                           0x08002a41   Thumb Code    80  main.o(i.vPitchctrlTask)
    vPortEnterCritical                       0x08002ab1   Thumb Code    24  port.o(i.vPortEnterCritical)
    vPortExitCritical                        0x08002acd   Thumb Code    30  port.o(i.vPortExitCritical)
    vPortFree                                0x08002af1   Thumb Code    14  heap_1.o(i.vPortFree)
    vPortSetupTimerInterrupt                 0x08002b01   Thumb Code    26  port.o(i.vPortSetupTimerInterrupt)
    vPortValidateInterruptPriority           0x08002b21   Thumb Code    56  port.o(i.vPortValidateInterruptPriority)
    vPortYield                               0x08002b61   Thumb Code    18  port.o(i.vPortYield)
    vQueueAddToRegistry                      0x08002b79   Thumb Code    34  queue.o(i.vQueueAddToRegistry)
    vQueueWaitForMessageRestricted           0x08002ba1   Thumb Code    58  queue.o(i.vQueueWaitForMessageRestricted)
    vRollctrlTask                            0x08002bdd   Thumb Code    80  main.o(i.vRollctrlTask)
    vTaskDelay                               0x08002c4d   Thumb Code    58  tasks.o(i.vTaskDelay)
    vTaskMissedYield                         0x08002c8d   Thumb Code     8  tasks.o(i.vTaskMissedYield)
    vTaskPlaceOnEventList                    0x08002c99   Thumb Code    60  tasks.o(i.vTaskPlaceOnEventList)
    vTaskPlaceOnEventListRestricted          0x08002cdd   Thumb Code    42  tasks.o(i.vTaskPlaceOnEventListRestricted)
    vTaskPriorityDisinherit                  0x08002d0d   Thumb Code    70  tasks.o(i.vTaskPriorityDisinherit)
    vTaskPriorityInherit                     0x08002d5d   Thumb Code    98  tasks.o(i.vTaskPriorityInherit)
    vTaskSetTimeOutState                     0x08002dc9   Thumb Code    22  tasks.o(i.vTaskSetTimeOutState)
    vTaskStartScheduler                      0x08002de5   Thumb Code    68  tasks.o(i.vTaskStartScheduler)
    vTaskSuspendAll                          0x08002e39   Thumb Code    10  tasks.o(i.vTaskSuspendAll)
    vTaskSwitchContext                       0x08002e49   Thumb Code    84  tasks.o(i.vTaskSwitchContext)
    vTimerSample                             0x08002ea5   Thumb Code   816  main.o(i.vTimerSample)
    vTimerSystemIdle                         0x08003219   Thumb Code    46  main.o(i.vTimerSystemIdle)
    vUsartSendTask                           0x08003269   Thumb Code    68  main.o(i.vUsartSendTask)
    xPortStartScheduler                      0x080032b5   Thumb Code   102  port.o(i.xPortStartScheduler)
    xQueueGenericCreate                      0x0800332d   Thumb Code    70  queue.o(i.xQueueGenericCreate)
    xQueueGenericReceive                     0x08003375   Thumb Code   302  queue.o(i.xQueueGenericReceive)
    xQueueGenericReset                       0x080034a3   Thumb Code   106  queue.o(i.xQueueGenericReset)
    xQueueGenericSend                        0x0800350d   Thumb Code   272  queue.o(i.xQueueGenericSend)
    xQueueGenericSendFromISR                 0x0800361d   Thumb Code   140  queue.o(i.xQueueGenericSendFromISR)
    xTaskCheckForTimeOut                     0x080036a9   Thumb Code    82  tasks.o(i.xTaskCheckForTimeOut)
    xTaskGenericCreate                       0x08003701   Thumb Code   376  tasks.o(i.xTaskGenericCreate)
    xTaskGetCurrentTaskHandle                0x08003881   Thumb Code     6  tasks.o(i.xTaskGetCurrentTaskHandle)
    xTaskGetSchedulerState                   0x0800388d   Thumb Code    22  tasks.o(i.xTaskGetSchedulerState)
    xTaskGetTickCount                        0x080038a9   Thumb Code    18  tasks.o(i.xTaskGetTickCount)
    xTaskIncrementTick                       0x080038c1   Thumb Code   192  tasks.o(i.xTaskIncrementTick)
    xTaskRemoveFromEventList                 0x08003989   Thumb Code    90  tasks.o(i.xTaskRemoveFromEventList)
    xTaskResumeAll                           0x080039ed   Thumb Code   158  tasks.o(i.xTaskResumeAll)
    xTimerCreate                             0x08003a95   Thumb Code    62  timers.o(i.xTimerCreate)
    xTimerCreateTimerTask                    0x08003ad5   Thumb Code    52  timers.o(i.xTimerCreateTimerTask)
    xTimerGenericCommand                     0x08003b19   Thumb Code    66  timers.o(i.xTimerGenericCommand)
    xtoa                                     0x08003b61   Thumb Code     8  string-util.o(i.xtoa)
    cmd_data                                 0x08003b68   Data         140  shell.o(.constdata)
    BUTTON_PORT_SOURCE                       0x08003bf4   Data           1  stm32f4_discovery.o(.constdata)
    BUTTON_PIN_SOURCE                        0x08003bf5   Data           1  stm32f4_discovery.o(.constdata)
    BUTTON_IRQn                              0x08003bf6   Data           1  stm32f4_discovery.o(.constdata)
    BUTTON_PIN                               0x08003bf8   Data           2  stm32f4_discovery.o(.constdata)
    BUTTON_EXTI_LINE                         0x08003bfa   Data           2  stm32f4_discovery.o(.constdata)
    BUTTON_CLK                               0x08003bfc   Data           4  stm32f4_discovery.o(.constdata)
    GPIO_PIN                                 0x08003c00   Data           8  stm32f4_discovery.o(.constdata)
    GPIO_CLK                                 0x08003c08   Data          16  stm32f4_discovery.o(.constdata)
    Region$$Table$$Base                      0x08003c18   Number         0  anon$$obj.o(Region$$Table)
    Region$$Table$$Limit                     0x08003c38   Number         0  anon$$obj.o(Region$$Table)
    Buffer_Hx                                0x20000000   Data           1  main.o(.data)
    Buffer_Hy                                0x20000001   Data           1  main.o(.data)
    Buffer_Lx                                0x20000002   Data           1  main.o(.data)
    Buffer_Ly                                0x20000003   Data           1  main.o(.data)
    Buffer_GHx                               0x20000004   Data           1  main.o(.data)
    Buffer_GHy                               0x20000005   Data           1  main.o(.data)
    Buffer_GHz                               0x20000006   Data           1  main.o(.data)
    Buffer_GLx                               0x20000007   Data           1  main.o(.data)
    Buffer_GLy                               0x20000008   Data           1  main.o(.data)
    Buffer_GLz                               0x20000009   Data           1  main.o(.data)
    XOffset                                  0x2000000a   Data           2  main.o(.data)
    YOffset                                  0x2000000c   Data           2  main.o(.data)
    GXOffset                                 0x2000000e   Data           2  main.o(.data)
    GYOffset                                 0x20000010   Data           2  main.o(.data)
    GZOffset                                 0x20000012   Data           2  main.o(.data)
    PWM_Motor1_tmp                           0x20000014   Data           4  main.o(.data)
    PWM_Motor2_tmp                           0x20000018   Data           4  main.o(.data)
    PWM_Motor3_tmp                           0x2000001c   Data           4  main.o(.data)
    PWM_Motor4_tmp                           0x20000020   Data           4  main.o(.data)
    pwm_flag                                 0x20000024   Data           4  main.o(.data)
    xQueueUARTSend                           0x20000028   Data           4  main.o(.data)
    xQueueUARTRecvie                         0x2000002c   Data           4  main.o(.data)
    xQueueShell2PWM                          0x20000030   Data           4  main.o(.data)
    xQueuePitchdirection                     0x20000034   Data           4  main.o(.data)
    xQueueRolldirection                      0x20000038   Data           4  main.o(.data)
    serial_tx_wait_sem                       0x2000003c   Data           4  main.o(.data)
    xTimerNoSignal                           0x20000040   Data           4  main.o(.data)
    xTimerSampleRate                         0x20000044   Data           4  main.o(.data)
    Pitch_desire                             0x20000048   Data           4  main.o(.data)
    Roll_desire                              0x2000004c   Data           4  main.o(.data)
    x_acc                                    0x20000050   Data           4  main.o(.data)
    y_acc                                    0x20000054   Data           4  main.o(.data)
    x_gyro                                   0x20000058   Data           4  main.o(.data)
    y_gyro                                   0x2000005c   Data           4  main.o(.data)
    z_gyro                                   0x20000060   Data           4  main.o(.data)
    angle_x                                  0x20000064   Data           4  main.o(.data)
    angle_y                                  0x20000068   Data           4  main.o(.data)
    PITCH                                    0x2000006c   Data           4  main.o(.data)
    ROLL                                     0x20000070   Data           4  main.o(.data)
    YAW                                      0x20000074   Data           4  main.o(.data)
    Motor1                                   0x20000078   Data           4  main.o(.data)
    Motor2                                   0x2000007c   Data           4  main.o(.data)
    Motor3                                   0x20000080   Data           4  main.o(.data)
    Motor4                                   0x20000084   Data           4  main.o(.data)
    LIS3DSHTimeout                           0x20000088   Data           4  stm32f4_discovery_lis3dsh.o(.data)
    next_line                                0x2000008c   Data           3  shell.o(.data)
    cur_his                                  0x20000090   Data           4  shell.o(.data)
    BUTTON_PORT                              0x200000a8   Data           4  stm32f4_discovery.o(.data)
    GPIO_PORT                                0x200000ac   Data          16  stm32f4_discovery.o(.data)
    SystemCoreClock                          0x200000bc   Data           4  system_stm32f4xx.o(.data)
    AHBPrescTable                            0x200000c0   Data          16  system_stm32f4xx.o(.data)
    pxCurrentTCB                             0x200000ec   Data           4  tasks.o(.data)
    thrust                                   0x2000012c   Data          16  main.o(.bss)
    argv                                     0x2000013c   Data          44  main.o(.bss)
    cmd                                      0x20000168   Data          20  shell.o(.bss)
    xQueueRegistry                           0x2000017c   Data          64  queue.o(.bss)
    __initial_sp                             0x200132b0   Data           0  startup_stm32f4xx.o(STACK)



==============================================================================

Memory Map of the image

  Image Entry point : 0x08000189

  Load Region LR_IROM1 (Base: 0x08000000, Size: 0x00003d64, Max: 0x00100000, ABSOLUTE, COMPRESSED[0x00003c64])

    Execution Region ER_IROM1 (Base: 0x08000000, Size: 0x00003c38, Max: 0x00100000, ABSOLUTE)

    Base Addr    Size         Type   Attr      Idx    E Section Name        Object

    0x08000000   0x00000188   Data   RO          635    RESET               startup_stm32f4xx.o
    0x08000188   0x00000000   Code   RO         5353  * .ARM.Collect$$$$00000000  mc_w.l(entry.o)
    0x08000188   0x00000004   Code   RO         5370    .ARM.Collect$$$$00000001  mc_w.l(entry2.o)
    0x0800018c   0x00000004   Code   RO         5373    .ARM.Collect$$$$00000004  mc_w.l(entry5.o)
    0x08000190   0x00000000   Code   RO         5375    .ARM.Collect$$$$00000008  mc_w.l(entry7b.o)
    0x08000190   0x00000008   Code   RO         5376    .ARM.Collect$$$$00000009  mc_w.l(entry8.o)
    0x08000198   0x00000004   Code   RO         5371    .ARM.Collect$$$$00002712  mc_w.l(entry2.o)
    0x0800019c   0x000000ca   Code   RO         4995    .emb_text           port.o
    0x08000266   0x00000002   PAD
    0x08000268   0x00000024   Code   RO          636    .text               startup_stm32f4xx.o
    0x0800028c   0x00000024   Code   RO         5356    .text               mc_w.l(memcpya.o)
    0x080002b0   0x00000024   Code   RO         5358    .text               mc_w.l(memseta.o)
    0x080002d4   0x000000e4   Code   RO         5362    .text               mf_w.l(dmul.o)
    0x080003b8   0x000000de   Code   RO         5364    .text               mf_w.l(ddiv.o)
    0x08000496   0x00000022   Code   RO         5366    .text               mf_w.l(dflti.o)
    0x080004b8   0x00000038   Code   RO         5368    .text               mf_w.l(d2f.o)
    0x080004f0   0x00000000   Code   RO         5377    .text               mc_w.l(iusefp.o)
    0x080004f0   0x0000006c   Code   RO         5378    .text               mf_w.l(fepilogue.o)
    0x0800055c   0x000000be   Code   RO         5380    .text               mf_w.l(depilogue.o)
    0x0800061a   0x00000002   PAD
    0x0800061c   0x00000024   Code   RO         5382    .text               mc_w.l(init.o)
    0x08000640   0x0000001e   Code   RO         5384    .text               mc_w.l(llshl.o)
    0x0800065e   0x00000020   Code   RO         5386    .text               mc_w.l(llushr.o)
    0x0800067e   0x0000005c   Code   RO         5396    .text               mc_w.l(__dczerorl2.o)
    0x080006da   0x00000014   Code   RO          379    i.Delay_1ms         i2c.o
    0x080006ee   0x00000014   Code   RO          504    i.Delay_5ms         shell.o
    0x08000702   0x00000002   PAD
    0x08000704   0x00000070   Code   RO         1784    i.EXTI_Init         stm32f4xx_exti.o
    0x08000774   0x00000094   Code   RO          286    i.GPIO_Configuration  hw_config.o
    0x08000808   0x000000a2   Code   RO          642    i.GPIO_Init         stm32f4xx_gpio.o
    0x080008aa   0x00000020   Code   RO          643    i.GPIO_PinAFConfig  stm32f4xx_gpio.o
    0x080008ca   0x00000004   Code   RO          649    i.GPIO_ResetBits    stm32f4xx_gpio.o
    0x080008ce   0x00000004   Code   RO          650    i.GPIO_SetBits      stm32f4xx_gpio.o
    0x080008d2   0x00000012   Code   RO          651    i.GPIO_StructInit   stm32f4xx_gpio.o
    0x080008e4   0x00000014   Code   RO         2307    i.I2C_AcknowledgeConfig  stm32f4xx_i2c.o
    0x080008f8   0x00000018   Code   RO         2309    i.I2C_CheckEvent    stm32f4xx_i2c.o
    0x08000910   0x00000014   Code   RO         2312    i.I2C_Cmd           stm32f4xx_i2c.o
    0x08000924   0x00000014   Code   RO         2319    i.I2C_GenerateSTART  stm32f4xx_i2c.o
    0x08000938   0x00000014   Code   RO         2320    i.I2C_GenerateSTOP  stm32f4xx_i2c.o
    0x0800094c   0x0000001e   Code   RO         2321    i.I2C_GetFlagStatus  stm32f4xx_i2c.o
    0x0800096a   0x00000002   PAD
    0x0800096c   0x000000b4   Code   RO         2326    i.I2C_Init          stm32f4xx_i2c.o
    0x08000a20   0x00000006   Code   RO         2331    i.I2C_ReceiveData   stm32f4xx_i2c.o
    0x08000a26   0x00000010   Code   RO         2333    i.I2C_Send7bitAddress  stm32f4xx_i2c.o
    0x08000a36   0x00000004   Code   RO         2334    i.I2C_SendData      stm32f4xx_i2c.o
    0x08000a3a   0x00000002   PAD
    0x08000a3c   0x000000d4   Code   RO          380    i.I2C_readreg       i2c.o
    0x08000b10   0x00000090   Code   RO          381    i.I2C_write         i2c.o
    0x08000ba0   0x0000002e   Code   RO          338    i.LIS3DSH_Init      stm32f4_discovery_lis3dsh.o
    0x08000bce   0x00000002   PAD
    0x08000bd0   0x00000120   Code   RO          339    i.LIS3DSH_LowLevel_Init  stm32f4_discovery_lis3dsh.o
    0x08000cf0   0x0000004c   Code   RO          340    i.LIS3DSH_Read      stm32f4_discovery_lis3dsh.o
    0x08000d3c   0x00000064   Code   RO          341    i.LIS3DSH_SendByte  stm32f4_discovery_lis3dsh.o
    0x08000da0   0x00000002   Code   RO          287    i.LIS3DSH_TIMEOUT_UserCallback  hw_config.o
    0x08000da2   0x00000002   PAD
    0x08000da4   0x00000044   Code   RO          342    i.LIS3DSH_Write     stm32f4_discovery_lis3dsh.o
    0x08000de8   0x00000058   Code   RO            2    i.Motor_Control     main.o
    0x08000e40   0x00000028   Code   RO          608    i.My_Usart3_Printf  testp.o
    0x08000e68   0x00000064   Code   RO          735    i.NVIC_Init         misc.o
    0x08000ecc   0x00000014   Code   RO          736    i.NVIC_PriorityGroupConfig  misc.o
    0x08000ee0   0x00000014   Code   RO          737    i.NVIC_SetVectorTable  misc.o
    0x08000ef4   0x00000018   Code   RO         2642    i.RCC_AHB1PeriphClockCmd  stm32f4xx_rcc.o
    0x08000f0c   0x00000018   Code   RO         2651    i.RCC_APB1PeriphClockCmd  stm32f4xx_rcc.o
    0x08000f24   0x00000018   Code   RO         2653    i.RCC_APB1PeriphResetCmd  stm32f4xx_rcc.o
    0x08000f3c   0x00000018   Code   RO         2654    i.RCC_APB2PeriphClockCmd  stm32f4xx_rcc.o
    0x08000f54   0x00000018   Code   RO         2656    i.RCC_APB2PeriphResetCmd  stm32f4xx_rcc.o
    0x08000f6c   0x00000026   Code   RO          288    i.RCC_Configuration  hw_config.o
    0x08000f92   0x00000002   PAD
    0x08000f94   0x00000094   Code   RO         2663    i.RCC_GetClocksFreq  stm32f4xx_rcc.o
    0x08001028   0x00000014   Code   RO         3522    i.SPI_Cmd           stm32f4xx_spi.o
    0x0800103c   0x00000054   Code   RO         3529    i.SPI_I2S_DeInit    stm32f4xx_spi.o
    0x08001090   0x0000000e   Code   RO         3530    i.SPI_I2S_GetFlagStatus  stm32f4xx_spi.o
    0x0800109e   0x00000004   Code   RO         3533    i.SPI_I2S_ReceiveData  stm32f4xx_spi.o
    0x080010a2   0x00000004   Code   RO         3534    i.SPI_I2S_SendData  stm32f4xx_spi.o
    0x080010a6   0x00000038   Code   RO         3535    i.SPI_Init          stm32f4xx_spi.o
    0x080010de   0x00000002   PAD
    0x080010e0   0x00000098   Code   RO         4512    i.STM_EVAL_PBInit   stm32f4_discovery.o
    0x08001178   0x00000028   Code   RO         3679    i.SYSCFG_EXTILineConfig  stm32f4xx_syscfg.o
    0x080011a0   0x0000009c   Code   RO         4558    i.SetSysClock       system_stm32f4xx.o
    0x0800123c   0x00000024   Code   RO         4996    i.SysTick_Handler   port.o
    0x08001260   0x0000005c   Code   RO         4560    i.SystemInit        system_stm32f4xx.o
    0x080012bc   0x00000014   Code   RO         3736    i.TIM_Cmd           stm32f4xx_tim.o
    0x080012d0   0x00000074   Code   RO          289    i.TIM_Configuration  hw_config.o
    0x08001344   0x00000060   Code   RO         3765    i.TIM_OC1Init       stm32f4xx_tim.o
    0x080013a4   0x00000080   Code   RO         3770    i.TIM_OC2Init       stm32f4xx_tim.o
    0x08001424   0x0000007c   Code   RO         3775    i.TIM_OC3Init       stm32f4xx_tim.o
    0x080014a0   0x00000060   Code   RO         3780    i.TIM_OC4Init       stm32f4xx_tim.o
    0x08001500   0x00000014   Code   RO         3783    i.TIM_OCStructInit  stm32f4xx_tim.o
    0x08001514   0x0000007c   Code   RO         3808    i.TIM_TimeBaseInit  stm32f4xx_tim.o
    0x08001590   0x00000012   Code   RO         3809    i.TIM_TimeBaseStructInit  stm32f4xx_tim.o
    0x080015a2   0x00000002   PAD
    0x080015a4   0x000000c8   Code   RO          579    i.USART2_IRQHandler  hw_it.o
    0x0800166c   0x00000006   Code   RO         4265    i.USART_ClearFlag   stm32f4xx_usart.o
    0x08001672   0x00000014   Code   RO         4269    i.USART_Cmd         stm32f4xx_usart.o
    0x08001686   0x00000002   PAD
    0x08001688   0x00000078   Code   RO          290    i.USART_Configuration  hw_config.o
    0x08001700   0x0000000e   Code   RO         4272    i.USART_GetFlagStatus  stm32f4xx_usart.o
    0x0800170e   0x0000003e   Code   RO         4273    i.USART_GetITStatus  stm32f4xx_usart.o
    0x0800174c   0x00000030   Code   RO         4275    i.USART_ITConfig    stm32f4xx_usart.o
    0x0800177c   0x000000b8   Code   RO         4276    i.USART_Init        stm32f4xx_usart.o
    0x08001834   0x00000008   Code   RO         4283    i.USART_ReceiveData  stm32f4xx_usart.o
    0x0800183c   0x00000008   Code   RO         4286    i.USART_SendData    stm32f4xx_usart.o
    0x08001844   0x000000ac   Code   RO          609    i.Uart_Init         testp.o
    0x080018f0   0x0000000e   Code   RO         5390    i.__scatterload_copy  mc_w.l(handlers.o)
    0x080018fe   0x00000002   Code   RO         5391    i.__scatterload_null  mc_w.l(handlers.o)
    0x08001900   0x0000000e   Code   RO         5392    i.__scatterload_zeroinit  mc_w.l(handlers.o)
    0x0800190e   0x0000007a   Code   RO          423    i._toa              string-util.o
    0x08001988   0x0000001a   Code   RO          424    i.atoi              string-util.o
    0x080019a2   0x00000002   PAD
    0x080019a4   0x000000f8   Code   RO          505    i.check_keyword     shell.o
    0x08001a9c   0x00000052   Code   RO          506    i.cmdtok            shell.o
    0x08001aee   0x00000042   Code   RO          382    i.init_I2C1         i2c.o
    0x08001b30   0x000000a4   Code   RO          383    i.init_I2C1_lowlevel  i2c.o
    0x08001bd4   0x00000008   Code   RO          425    i.itoa              string-util.o
    0x08001bdc   0x00000088   Code   RO          507    i.land              shell.o
    0x08001c64   0x0000019c   Code   RO            3    i.main              main.o
    0x08001e00   0x00000080   Code   RO          508    i.pitch             shell.o
    0x08001e80   0x00000034   Code   RO         5067    i.prvAddCurrentTaskToDelayedList  tasks.o
    0x08001eb4   0x00000054   Code   RO         4918    i.prvCheckForValidListAndQueue  timers.o
    0x08001f08   0x00000054   Code   RO         5068    i.prvCheckTasksWaitingTermination  tasks.o
    0x08001f5c   0x00000028   Code   RO         4749    i.prvCopyDataFromQueue  queue.o
    0x08001f84   0x00000068   Code   RO         4750    i.prvCopyDataToQueue  queue.o
    0x08001fec   0x0000001c   Code   RO         5069    i.prvIdleTask       tasks.o
    0x08002008   0x00000038   Code   RO         4919    i.prvInsertTimerInActiveList  timers.o
    0x08002040   0x00000048   Code   RO          291    i.prvMEMS_Config    hw_config.o
    0x08002088   0x000000a4   Code   RO         4920    i.prvProcessReceivedCommands  timers.o
    0x0800212c   0x0000008c   Code   RO         4921    i.prvProcessTimerOrBlockTask  timers.o
    0x080021b8   0x00000020   Code   RO         5071    i.prvResetNextTaskUnblockTime  tasks.o
    0x080021d8   0x00000028   Code   RO         4922    i.prvSampleTimeNow  timers.o
    0x08002200   0x00000038   Code   RO          292    i.prvSetupHardware  hw_config.o
    0x08002238   0x00000060   Code   RO         4923    i.prvSwitchTimerLists  timers.o
    0x08002298   0x00000018   Code   RO         4997    i.prvTaskExitError  port.o
    0x080022b0   0x00000024   Code   RO         4924    i.prvTimerTask      timers.o
    0x080022d4   0x00000064   Code   RO         4751    i.prvUnlockQueue    queue.o
    0x08002338   0x0000005c   Code   RO         5317    i.pvPortMalloc      heap_1.o
    0x08002394   0x00000038   Code   RO          509    i.pwm               shell.o
    0x080023cc   0x00000024   Code   RO         4998    i.pxPortInitialiseStack  port.o
    0x080023f0   0x00000104   Code   RO          428    i.qprintf           string-util.o
    0x080024f4   0x00000040   Code   RO            4    i.receive_byte      main.o
    0x08002534   0x00000080   Code   RO          510    i.roll              shell.o
    0x080025b4   0x000000a8   Code   RO          511    i.shell             shell.o
    0x0800265c   0x00000028   Code   RO          512    i.strcmp            shell.o
    0x08002684   0x00000012   Code   RO          430    i.strcpy            string-util.o
    0x08002696   0x00000002   PAD
    0x08002698   0x000000e8   Code   RO          513    i.tune              shell.o
    0x08002780   0x00000024   Code   RO         4709    i.uxListRemove      list.o
    0x080027a4   0x00000002   Code   RO            6    i.vApplicationIdleHook  main.o
    0x080027a6   0x00000002   Code   RO            7    i.vApplicationMallocFailedHook  main.o
    0x080027a8   0x00000002   Code   RO            8    i.vApplicationTickHook  main.o
    0x080027aa   0x00000002   PAD
    0x080027ac   0x000001cc   Code   RO            9    i.vBalanceTask      main.o
    0x08002978   0x00000016   Code   RO         4710    i.vListInitialise   list.o
    0x0800298e   0x00000006   Code   RO         4711    i.vListInitialiseItem  list.o
    0x08002994   0x00000030   Code   RO         4712    i.vListInsert       list.o
    0x080029c4   0x00000018   Code   RO         4713    i.vListInsertEnd    list.o
    0x080029dc   0x00000064   Code   RO           10    i.vPWMctrlTask      main.o
    0x08002a40   0x00000070   Code   RO           11    i.vPitchctrlTask    main.o
    0x08002ab0   0x0000001c   Code   RO         5000    i.vPortEnterCritical  port.o
    0x08002acc   0x00000024   Code   RO         5001    i.vPortExitCritical  port.o
    0x08002af0   0x0000000e   Code   RO         5318    i.vPortFree         heap_1.o
    0x08002afe   0x00000002   PAD
    0x08002b00   0x00000020   Code   RO         5002    i.vPortSetupTimerInterrupt  port.o
    0x08002b20   0x00000040   Code   RO         5003    i.vPortValidateInterruptPriority  port.o
    0x08002b60   0x00000018   Code   RO         5004    i.vPortYield        port.o
    0x08002b78   0x00000028   Code   RO         4757    i.vQueueAddToRegistry  queue.o
    0x08002ba0   0x0000003a   Code   RO         4761    i.vQueueWaitForMessageRestricted  queue.o
    0x08002bda   0x00000002   PAD
    0x08002bdc   0x00000070   Code   RO           12    i.vRollctrlTask     main.o
    0x08002c4c   0x00000040   Code   RO         5077    i.vTaskDelay        tasks.o
    0x08002c8c   0x0000000c   Code   RO         5081    i.vTaskMissedYield  tasks.o
    0x08002c98   0x00000044   Code   RO         5082    i.vTaskPlaceOnEventList  tasks.o
    0x08002cdc   0x00000030   Code   RO         5083    i.vTaskPlaceOnEventListRestricted  tasks.o
    0x08002d0c   0x00000050   Code   RO         5085    i.vTaskPriorityDisinherit  tasks.o
    0x08002d5c   0x0000006c   Code   RO         5086    i.vTaskPriorityInherit  tasks.o
    0x08002dc8   0x0000001c   Code   RO         5090    i.vTaskSetTimeOutState  tasks.o
    0x08002de4   0x00000054   Code   RO         5091    i.vTaskStartScheduler  tasks.o
    0x08002e38   0x00000010   Code   RO         5093    i.vTaskSuspendAll   tasks.o
    0x08002e48   0x0000005c   Code   RO         5094    i.vTaskSwitchContext  tasks.o
    0x08002ea4   0x00000374   Code   RO           13    i.vTimerSample      main.o
    0x08003218   0x00000050   Code   RO           14    i.vTimerSystemIdle  main.o
    0x08003268   0x0000004c   Code   RO           15    i.vUsartSendTask    main.o
    0x080032b4   0x00000078   Code   RO         5005    i.xPortStartScheduler  port.o
    0x0800332c   0x00000046   Code   RO         4764    i.xQueueGenericCreate  queue.o
    0x08003372   0x00000002   PAD
    0x08003374   0x0000012e   Code   RO         4765    i.xQueueGenericReceive  queue.o
    0x080034a2   0x0000006a   Code   RO         4766    i.xQueueGenericReset  queue.o
    0x0800350c   0x00000110   Code   RO         4767    i.xQueueGenericSend  queue.o
    0x0800361c   0x0000008c   Code   RO         4768    i.xQueueGenericSendFromISR  queue.o
    0x080036a8   0x00000058   Code   RO         5095    i.xTaskCheckForTimeOut  tasks.o
    0x08003700   0x00000180   Code   RO         5096    i.xTaskGenericCreate  tasks.o
    0x08003880   0x0000000c   Code   RO         5097    i.xTaskGetCurrentTaskHandle  tasks.o
    0x0800388c   0x0000001c   Code   RO         5098    i.xTaskGetSchedulerState  tasks.o
    0x080038a8   0x00000018   Code   RO         5099    i.xTaskGetTickCount  tasks.o
    0x080038c0   0x000000c8   Code   RO         5101    i.xTaskIncrementTick  tasks.o
    0x08003988   0x00000064   Code   RO         5103    i.xTaskRemoveFromEventList  tasks.o
    0x080039ec   0x000000a8   Code   RO         5105    i.xTaskResumeAll    tasks.o
    0x08003a94   0x0000003e   Code   RO         4926    i.xTimerCreate      timers.o
    0x08003ad2   0x00000002   PAD
    0x08003ad4   0x00000044   Code   RO         4927    i.xTimerCreateTimerTask  timers.o
    0x08003b18   0x00000048   Code   RO         4928    i.xTimerGenericCommand  timers.o
    0x08003b60   0x00000008   Code   RO          433    i.xtoa              string-util.o
    0x08003b68   0x0000008c   Data   RO          515    .constdata          shell.o
    0x08003bf4   0x00000024   Data   RO         4513    .constdata          stm32f4_discovery.o
    0x08003c18   0x00000020   Data   RO         5388    Region$$Table       anon$$obj.o


    Execution Region RW_IRAM1 (Base: 0x20000000, Size: 0x000132b0, Max: 0x00020000, ABSOLUTE, COMPRESSED[0x0000002c])

    Base Addr    Size         Type   Attr      Idx    E Section Name        Object

    0x20000000   0x00000088   Data   RW           17    .data               main.o
    0x20000088   0x00000004   Data   RW          343    .data               stm32f4_discovery_lis3dsh.o
    0x2000008c   0x00000008   Data   RW          516    .data               shell.o
    0x20000094   0x00000004   Data   RW          582    .data               hw_it.o
    0x20000098   0x00000010   Data   RW         2686    .data               stm32f4xx_rcc.o
    0x200000a8   0x00000014   Data   RW         4514    .data               stm32f4_discovery.o
    0x200000bc   0x00000014   Data   RW         4561    .data               system_stm32f4xx.o
    0x200000d0   0x00000010   Data   RW         4931    .data               timers.o
    0x200000e0   0x0000000c   Data   RW         5006    .data               port.o
    0x200000ec   0x00000038   Data   RW         5108    .data               tasks.o
    0x20000124   0x00000008   Data   RW         5322    .data               heap_1.o
    0x2000012c   0x0000003c   Zero   RW           16    .bss                main.o
    0x20000168   0x00000014   Zero   RW          514    .bss                shell.o
    0x2000017c   0x00000040   Zero   RW         4775    .bss                queue.o
    0x200001bc   0x00000028   Zero   RW         4930    .bss                timers.o
    0x200001e4   0x000000c8   Zero   RW         5107    .bss                tasks.o
    0x200002ac   0x00012c00   Zero   RW         5321    .bss                heap_1.o
    0x20012eac   0x00000004   PAD
    0x20012eb0   0x00000400   Zero   RW          633    STACK               startup_stm32f4xx.o


==============================================================================

Image component sizes


      Code (inc. data)   RO Data    RW Data    ZI Data      Debug   Object Name

         0          0          0          0          0       1328   event_groups.o
       106         14          0          8      76800       2147   heap_1.o
       552         20          0          0          0       4006   hw_config.o
       200         56          0          4          0       1151   hw_it.o
       606         46          0          0          0       3143   i2c.o
       136          0          0          0          0       3254   list.o
      2394        420          0        136         60     308321   main.o
       140         26          0          0          0       1693   misc.o
       602         82          0         12          0       8930   port.o
      1232          6          0          0         64       9897   queue.o
      1238        422        140          8         20       6784   shell.o
        36          8        392          0       1024        764   startup_stm32f4xx.o
       152          8         36         20          0       1675   stm32f4_discovery.o
       578         32          0          4          0       3615   stm32f4_discovery_lis3dsh.o
       112          4          0          0          0        816   stm32f4xx_exti.o
       220          0          0          0          0       2765   stm32f4xx_gpio.o
       340          8          0          0          0       5456   stm32f4xx_i2c.o
       268         44          0         16          0       4809   stm32f4xx_rcc.o
       182         12          0          0          0       3459   stm32f4xx_spi.o
        40          6          0          0          0        560   stm32f4xx_syscfg.o
       626         60          0          0          0       5812   stm32f4xx_tim.o
       350         10          0          0          0       4979   stm32f4xx_usart.o
       442          8          0          0          0       4533   string-util.o
       248         34          0         20          0       1613   system_stm32f4xx.o
      1800        162          0         56        200      18435   tasks.o
       212         16          0          0          0      19210   testp.o
       818         62          0         16         40       8598   timers.o

    ----------------------------------------------------------------------
     13664       1566        600        300      78212     437753   Object Totals
         0          0         32          0          0          0   (incl. Generated)
        34          0          0          0          4          0   (incl. Padding)

    ----------------------------------------------------------------------

      Code (inc. data)   RO Data    RW Data    ZI Data      Debug   Library Member Name

        92          0          0          0          0          0   __dczerorl2.o
         0          0          0          0          0          0   entry.o
         8          4          0          0          0          0   entry2.o
         4          0          0          0          0          0   entry5.o
         0          0          0          0          0          0   entry7b.o
         8          4          0          0          0          0   entry8.o
        30          0          0          0          0          0   handlers.o
        36          8          0          0          0         68   init.o
         0          0          0          0          0          0   iusefp.o
        30          0          0          0          0         68   llshl.o
        32          0          0          0          0         68   llushr.o
        36          0          0          0          0         68   memcpya.o
        36          0          0          0          0        108   memseta.o
        56          0          0          0          0         88   d2f.o
       222          0          0          0          0        100   ddiv.o
       190          0          0          0          0        176   depilogue.o
        34          0          0          0          0         76   dflti.o
       228          0          0          0          0         92   dmul.o
       108          0          0          0          0        168   fepilogue.o

    ----------------------------------------------------------------------
      1152         16          0          0          0       1080   Library Totals
         2          0          0          0          0          0   (incl. Padding)

    ----------------------------------------------------------------------

      Code (inc. data)   RO Data    RW Data    ZI Data      Debug   Library Name

       312         16          0          0          0        380   mc_w.l
       838          0          0          0          0        700   mf_w.l

    ----------------------------------------------------------------------
      1152         16          0          0          0       1080   Library Totals

    ----------------------------------------------------------------------

==============================================================================


      Code (inc. data)   RO Data    RW Data    ZI Data      Debug   

     14816       1582        600        300      78212     423165   Grand Totals
     14816       1582        600         44      78212     423165   ELF Image Totals (compressed)
     14816       1582        600         44          0          0   ROM Totals

==============================================================================

    Total RO  Size (Code + RO Data)                15416 (  15.05kB)
    Total RW  Size (RW Data + ZI Data)             78512 (  76.67kB)
    Total ROM Size (Code + RO Data + RW Data)      15460 (  15.10kB)

==============================================================================

